Analysis & Synthesis report for IITB_RISC
Fri May  6 15:06:50 2022
Quartus Prime Version 20.1.1 Build 720 11/11/2020 SJ Lite Edition


---------------------
; Table of Contents ;
---------------------
  1. Legal Notice
  2. Analysis & Synthesis Summary
  3. Analysis & Synthesis Settings
  4. Parallel Compilation
  5. Analysis & Synthesis Source Files Read
  6. Analysis & Synthesis Resource Usage Summary
  7. Analysis & Synthesis Resource Utilization by Entity
  8. General Register Statistics
  9. Analysis & Synthesis Messages



----------------
; Legal Notice ;
----------------
Copyright (C) 2020  Intel Corporation. All rights reserved.
Your use of Intel Corporation's design tools, logic functions 
and other software and tools, and any partner logic 
functions, and any output files from any of the foregoing 
(including device programming or simulation files), and any 
associated documentation or information are expressly subject 
to the terms and conditions of the Intel Program License 
Subscription Agreement, the Intel Quartus Prime License Agreement,
the Intel FPGA IP License Agreement, or other applicable license
agreement, including, without limitation, that your use is for
the sole purpose of programming logic devices manufactured by
Intel and sold by Intel or its authorized distributors.  Please
refer to the applicable agreement for further details, at
https://fpgasoftware.intel.com/eula.



+---------------------------------------------------------------------------+
; Analysis & Synthesis Summary                                              ;
+-----------------------------+---------------------------------------------+
; Analysis & Synthesis Status ; Successful - Fri May  6 15:06:50 2022       ;
; Quartus Prime Version       ; 20.1.1 Build 720 11/11/2020 SJ Lite Edition ;
; Revision Name               ; IITB_RISC                                   ;
; Top-level Entity Name       ; IITB_RISC                                   ;
; Family                      ; MAX V                                       ;
; Total logic elements        ; 0                                           ;
; Total pins                  ; 35                                          ;
; Total virtual pins          ; 0                                           ;
; UFM blocks                  ; 0 / 1 ( 0 % )                               ;
+-----------------------------+---------------------------------------------+


+------------------------------------------------------------------------------------------------------------+
; Analysis & Synthesis Settings                                                                              ;
+------------------------------------------------------------------+--------------------+--------------------+
; Option                                                           ; Setting            ; Default Value      ;
+------------------------------------------------------------------+--------------------+--------------------+
; Top-level entity name                                            ; IITB_RISC          ; IITB_RISC          ;
; Family name                                                      ; MAX V              ; Cyclone V          ;
; Use smart compilation                                            ; Off                ; Off                ;
; Enable parallel Assembler and Timing Analyzer during compilation ; On                 ; On                 ;
; Enable compact report table                                      ; Off                ; Off                ;
; Restructure Multiplexers                                         ; Auto               ; Auto               ;
; Create Debugging Nodes for IP Cores                              ; Off                ; Off                ;
; Preserve fewer node names                                        ; On                 ; On                 ;
; Intel FPGA IP Evaluation Mode                                    ; Enable             ; Enable             ;
; Verilog Version                                                  ; Verilog_2001       ; Verilog_2001       ;
; VHDL Version                                                     ; VHDL_1993          ; VHDL_1993          ;
; State Machine Processing                                         ; Auto               ; Auto               ;
; Safe State Machine                                               ; Off                ; Off                ;
; Extract Verilog State Machines                                   ; On                 ; On                 ;
; Extract VHDL State Machines                                      ; On                 ; On                 ;
; Ignore Verilog initial constructs                                ; Off                ; Off                ;
; Iteration limit for constant Verilog loops                       ; 5000               ; 5000               ;
; Iteration limit for non-constant Verilog loops                   ; 250                ; 250                ;
; Add Pass-Through Logic to Inferred RAMs                          ; On                 ; On                 ;
; Infer RAMs from Raw Logic                                        ; On                 ; On                 ;
; Parallel Synthesis                                               ; On                 ; On                 ;
; NOT Gate Push-Back                                               ; On                 ; On                 ;
; Power-Up Don't Care                                              ; On                 ; On                 ;
; Remove Redundant Logic Cells                                     ; Off                ; Off                ;
; Remove Duplicate Registers                                       ; On                 ; On                 ;
; Ignore CARRY Buffers                                             ; Off                ; Off                ;
; Ignore CASCADE Buffers                                           ; Off                ; Off                ;
; Ignore GLOBAL Buffers                                            ; Off                ; Off                ;
; Ignore ROW GLOBAL Buffers                                        ; Off                ; Off                ;
; Ignore LCELL Buffers                                             ; Off                ; Off                ;
; Ignore SOFT Buffers                                              ; On                 ; On                 ;
; Limit AHDL Integers to 32 Bits                                   ; Off                ; Off                ;
; Optimization Technique                                           ; Balanced           ; Balanced           ;
; Carry Chain Length                                               ; 70                 ; 70                 ;
; Auto Carry Chains                                                ; On                 ; On                 ;
; Auto Open-Drain Pins                                             ; On                 ; On                 ;
; Perform WYSIWYG Primitive Resynthesis                            ; Off                ; Off                ;
; Auto Shift Register Replacement                                  ; Auto               ; Auto               ;
; Allow Shift Register Merging across Hierarchies                  ; Auto               ; Auto               ;
; Auto Clock Enable Replacement                                    ; On                 ; On                 ;
; Allow Synchronous Control Signals                                ; On                 ; On                 ;
; Force Use of Synchronous Clear Signals                           ; Off                ; Off                ;
; Auto Resource Sharing                                            ; Off                ; Off                ;
; Use LogicLock Constraints during Resource Balancing              ; On                 ; On                 ;
; Ignore translate_off and synthesis_off directives                ; Off                ; Off                ;
; Report Parameter Settings                                        ; On                 ; On                 ;
; Report Source Assignments                                        ; On                 ; On                 ;
; Report Connectivity Checks                                       ; On                 ; On                 ;
; Ignore Maximum Fan-Out Assignments                               ; Off                ; Off                ;
; Synchronization Register Chain Length                            ; 2                  ; 2                  ;
; Power Optimization During Synthesis                              ; Normal compilation ; Normal compilation ;
; HDL message level                                                ; Level2             ; Level2             ;
; Suppress Register Optimization Related Messages                  ; Off                ; Off                ;
; Number of Removed Registers Reported in Synthesis Report         ; 5000               ; 5000               ;
; Number of Swept Nodes Reported in Synthesis Report               ; 5000               ; 5000               ;
; Number of Inverted Registers Reported in Synthesis Report        ; 100                ; 100                ;
; Clock MUX Protection                                             ; On                 ; On                 ;
; Block Design Naming                                              ; Auto               ; Auto               ;
; Synthesis Effort                                                 ; Auto               ; Auto               ;
; Shift Register Replacement - Allow Asynchronous Clear Signal     ; On                 ; On                 ;
; Analysis & Synthesis Message Level                               ; Medium             ; Medium             ;
; Disable Register Merging Across Hierarchies                      ; Auto               ; Auto               ;
+------------------------------------------------------------------+--------------------+--------------------+


+------------------------------------------+
; Parallel Compilation                     ;
+----------------------------+-------------+
; Processors                 ; Number      ;
+----------------------------+-------------+
; Number detected on machine ; 8           ;
; Maximum allowed            ; 4           ;
;                            ;             ;
; Average used               ; 1.00        ;
; Maximum used               ; 1           ;
;                            ;             ;
; Usage by Processor         ; % Time Used ;
;     Processor 1            ; 100.0%      ;
+----------------------------+-------------+


+---------------------------------------------------------------------------------------------------------------------------------------------------+
; Analysis & Synthesis Source Files Read                                                                                                            ;
+----------------------------------+-----------------+-----------------+------------------------------------------------------------------+---------+
; File Name with User-Entered Path ; Used in Netlist ; File Type       ; File Name with Absolute Path                                     ; Library ;
+----------------------------------+-----------------+-----------------+------------------------------------------------------------------+---------+
; IITB_RISC.vhd                    ; yes             ; User VHDL File  ; /home/margav/Desktop/sem 4/cs232/project/IITB_RISC/IITB_RISC.vhd ;         ;
+----------------------------------+-----------------+-----------------+------------------------------------------------------------------+---------+


+-----------------------------------------------------+
; Analysis & Synthesis Resource Usage Summary         ;
+---------------------------------------------+-------+
; Resource                                    ; Usage ;
+---------------------------------------------+-------+
; Total logic elements                        ; 0     ;
;     -- Combinational with no register       ; 0     ;
;     -- Register only                        ; 0     ;
;     -- Combinational with a register        ; 0     ;
;                                             ;       ;
; Logic element usage by number of LUT inputs ;       ;
;     -- 4 input functions                    ; 0     ;
;     -- 3 input functions                    ; 0     ;
;     -- 2 input functions                    ; 0     ;
;     -- 1 input functions                    ; 0     ;
;     -- 0 input functions                    ; 0     ;
;                                             ;       ;
; Logic elements by mode                      ;       ;
;     -- normal mode                          ; 0     ;
;     -- arithmetic mode                      ; 0     ;
;     -- qfbk mode                            ; 0     ;
;     -- register cascade mode                ; 0     ;
;     -- synchronous clear/load mode          ; 0     ;
;     -- asynchronous clear/load mode         ; 0     ;
;                                             ;       ;
; Total registers                             ; 0     ;
; I/O pins                                    ; 35    ;
+---------------------------------------------+-------+


+------------------------------------------------------------------------------------------------------------------------------------------------------------------------------------------------------------------------------------+
; Analysis & Synthesis Resource Utilization by Entity                                                                                                                                                                                ;
+----------------------------+-------------+--------------+------------+------+--------------+--------------+-------------------+------------------+-----------------+------------+---------------------+-------------+--------------+
; Compilation Hierarchy Node ; Logic Cells ; LC Registers ; UFM Blocks ; Pins ; Virtual Pins ; LUT-Only LCs ; Register-Only LCs ; LUT/Register LCs ; Carry Chain LCs ; Packed LCs ; Full Hierarchy Name ; Entity Name ; Library Name ;
+----------------------------+-------------+--------------+------------+------+--------------+--------------+-------------------+------------------+-----------------+------------+---------------------+-------------+--------------+
; |IITB_RISC                 ; 0 (0)       ; 0            ; 0          ; 35   ; 0            ; 0 (0)        ; 0 (0)             ; 0 (0)            ; 0 (0)           ; 0 (0)      ; |IITB_RISC          ; IITB_RISC   ; work         ;
+----------------------------+-------------+--------------+------------+------+--------------+--------------+-------------------+------------------+-----------------+------------+---------------------+-------------+--------------+
Note: For table entries with two numbers listed, the numbers in parentheses indicate the number of resources of the given type used by the specific entity alone. The numbers listed outside of parentheses indicate the total resources of the given type used by the specific entity and all of its sub-entities in the hierarchy.


+------------------------------------------------------+
; General Register Statistics                          ;
+----------------------------------------------+-------+
; Statistic                                    ; Value ;
+----------------------------------------------+-------+
; Total registers                              ; 0     ;
; Number of registers using Synchronous Clear  ; 0     ;
; Number of registers using Synchronous Load   ; 0     ;
; Number of registers using Asynchronous Clear ; 0     ;
; Number of registers using Asynchronous Load  ; 0     ;
; Number of registers using Clock Enable       ; 0     ;
; Number of registers using Preset             ; 0     ;
+----------------------------------------------+-------+


+-------------------------------+
; Analysis & Synthesis Messages ;
+-------------------------------+
Info: *******************************************************************
Info: Running Quartus Prime Analysis & Synthesis
    Info: Version 20.1.1 Build 720 11/11/2020 SJ Lite Edition
    Info: Processing started: Fri May  6 15:06:40 2022
Info: Command: quartus_map --read_settings_files=on --write_settings_files=off IITB_RISC -c IITB_RISC
Warning (18236): Number of processors has not been specified which may cause overloading on shared machines.  Set the global assignment NUM_PARALLEL_PROCESSORS in your QSF to an appropriate value for best performance.
Info (20030): Parallel compilation is enabled and will use 4 of the 4 processors detected
Info (12021): Found 2 design units, including 1 entities, in source file IITB_RISC.vhd
    Info (12022): Found design unit 1: IITB_RISC-IITB_RISC_arc File: /home/margav/Desktop/sem 4/cs232/project/IITB_RISC/IITB_RISC.vhd Line: 14
    Info (12023): Found entity 1: IITB_RISC File: /home/margav/Desktop/sem 4/cs232/project/IITB_RISC/IITB_RISC.vhd Line: 7
Info (12021): Found 2 design units, including 1 entities, in source file ALU_control.vhd
    Info (12022): Found design unit 1: ALU_control-ALU_control_arc File: /home/margav/Desktop/sem 4/cs232/project/IITB_RISC/ALU_control.vhd Line: 10
    Info (12023): Found entity 1: ALU_control File: /home/margav/Desktop/sem 4/cs232/project/IITB_RISC/ALU_control.vhd Line: 4
Info (12021): Found 2 design units, including 1 entities, in source file Register_File.vhd
    Info (12022): Found design unit 1: Register_File-Register_File_arc File: /home/margav/Desktop/sem 4/cs232/project/IITB_RISC/Register_File.vhd Line: 12
    Info (12023): Found entity 1: Register_File File: /home/margav/Desktop/sem 4/cs232/project/IITB_RISC/Register_File.vhd Line: 5
Info (12021): Found 2 design units, including 1 entities, in source file Sign_extend.vhd
    Info (12022): Found design unit 1: Sign_extend-Sign_extend_arc File: /home/margav/Desktop/sem 4/cs232/project/IITB_RISC/Sign_extend.vhd Line: 11
    Info (12023): Found entity 1: Sign_extend File: /home/margav/Desktop/sem 4/cs232/project/IITB_RISC/Sign_extend.vhd Line: 5
Info (12021): Found 2 design units, including 1 entities, in source file Shift_left7.vhd
    Info (12022): Found design unit 1: Shift_left7-Shift_left7_arc File: /home/margav/Desktop/sem 4/cs232/project/IITB_RISC/Shift_left7.vhd Line: 10
    Info (12023): Found entity 1: Shift_left7 File: /home/margav/Desktop/sem 4/cs232/project/IITB_RISC/Shift_left7.vhd Line: 5
Info (12021): Found 2 design units, including 1 entities, in source file Memory.vhd
    Info (12022): Found design unit 1: Memory-Memory_arc File: /home/margav/Desktop/sem 4/cs232/project/IITB_RISC/Memory.vhd Line: 12
    Info (12023): Found entity 1: Memory File: /home/margav/Desktop/sem 4/cs232/project/IITB_RISC/Memory.vhd Line: 5
Info (12021): Found 2 design units, including 1 entities, in source file mux_before_ALUA.vhd
    Info (12022): Found design unit 1: mux_before_ALUA-mux_before_ALUA_arc File: /home/margav/Desktop/sem 4/cs232/project/IITB_RISC/mux_before_ALUA.vhd Line: 15
    Info (12023): Found entity 1: mux_before_ALUA File: /home/margav/Desktop/sem 4/cs232/project/IITB_RISC/mux_before_ALUA.vhd Line: 5
Info (12021): Found 2 design units, including 1 entities, in source file mux_before_ALUB.vhd
    Info (12022): Found design unit 1: mux_before_ALUB-mux_before_ALUB_arc File: /home/margav/Desktop/sem 4/cs232/project/IITB_RISC/mux_before_ALUB.vhd Line: 13
    Info (12023): Found entity 1: mux_before_ALUB File: /home/margav/Desktop/sem 4/cs232/project/IITB_RISC/mux_before_ALUB.vhd Line: 5
Info (12021): Found 2 design units, including 1 entities, in source file A_Reg.vhd
    Info (12022): Found design unit 1: A_Reg-A_Reg_arc File: /home/margav/Desktop/sem 4/cs232/project/IITB_RISC/A_Reg.vhd Line: 11
    Info (12023): Found entity 1: A_Reg File: /home/margav/Desktop/sem 4/cs232/project/IITB_RISC/A_Reg.vhd Line: 5
Info (12021): Found 2 design units, including 1 entities, in source file B_Reg.vhd
    Info (12022): Found design unit 1: B_Reg-B_Reg_arc File: /home/margav/Desktop/sem 4/cs232/project/IITB_RISC/B_Reg.vhd Line: 11
    Info (12023): Found entity 1: B_Reg File: /home/margav/Desktop/sem 4/cs232/project/IITB_RISC/B_Reg.vhd Line: 5
Info (12021): Found 2 design units, including 1 entities, in source file Controller.vhd
    Info (12022): Found design unit 1: Controller-Controller_arc File: /home/margav/Desktop/sem 4/cs232/project/IITB_RISC/Controller.vhd Line: 41
    Info (12023): Found entity 1: Controller File: /home/margav/Desktop/sem 4/cs232/project/IITB_RISC/Controller.vhd Line: 6
Info (12021): Found 2 design units, including 1 entities, in source file MDR.vhd
    Info (12022): Found design unit 1: MDR-MDR_arc File: /home/margav/Desktop/sem 4/cs232/project/IITB_RISC/MDR.vhd Line: 11
    Info (12023): Found entity 1: MDR File: /home/margav/Desktop/sem 4/cs232/project/IITB_RISC/MDR.vhd Line: 5
Info (12021): Found 2 design units, including 1 entities, in source file IR.vhd
    Info (12022): Found design unit 1: IR-IR_arc File: /home/margav/Desktop/sem 4/cs232/project/IITB_RISC/IR.vhd Line: 17
    Info (12023): Found entity 1: IR File: /home/margav/Desktop/sem 4/cs232/project/IITB_RISC/IR.vhd Line: 5
Info (12021): Found 2 design units, including 1 entities, in source file mux_before_RFA3.vhd
    Info (12022): Found design unit 1: mux_before_RFA3-mux_before_RFA3_arc File: /home/margav/Desktop/sem 4/cs232/project/IITB_RISC/mux_before_RFA3.vhd Line: 12
    Info (12023): Found entity 1: mux_before_RFA3 File: /home/margav/Desktop/sem 4/cs232/project/IITB_RISC/mux_before_RFA3.vhd Line: 5
Info (12021): Found 2 design units, including 1 entities, in source file ALU_Reg.vhd
    Info (12022): Found design unit 1: ALU_Reg-ALU_Reg_arc File: /home/margav/Desktop/sem 4/cs232/project/IITB_RISC/ALU_Reg.vhd Line: 11
    Info (12023): Found entity 1: ALU_Reg File: /home/margav/Desktop/sem 4/cs232/project/IITB_RISC/ALU_Reg.vhd Line: 5
Info (12021): Found 2 design units, including 1 entities, in source file mux_before_RFD3 .vhd
    Info (12022): Found design unit 1: mux_before_RFD3-mux_before_RFD3_arc File: /home/margav/Desktop/sem 4/cs232/project/IITB_RISC/mux_before_RFD3 .vhd Line: 15
    Info (12023): Found entity 1: mux_before_RFD3 File: /home/margav/Desktop/sem 4/cs232/project/IITB_RISC/mux_before_RFD3 .vhd Line: 5
Info (12021): Found 2 design units, including 1 entities, in source file mux_before_MEMA1.vhd
    Info (12022): Found design unit 1: mux_before_MEMA1-mux_before_MEMA1_arc File: /home/margav/Desktop/sem 4/cs232/project/IITB_RISC/mux_before_MEMA1.vhd Line: 14
    Info (12023): Found entity 1: mux_before_MEMA1 File: /home/margav/Desktop/sem 4/cs232/project/IITB_RISC/mux_before_MEMA1.vhd Line: 5
Info (12021): Found 2 design units, including 1 entities, in source file pc.vhd
    Info (12022): Found design unit 1: pc-pc_arc File: /home/margav/Desktop/sem 4/cs232/project/IITB_RISC/pc.vhd Line: 11
    Info (12023): Found entity 1: pc File: /home/margav/Desktop/sem 4/cs232/project/IITB_RISC/pc.vhd Line: 5
Info (12021): Found 2 design units, including 1 entities, in source file mux_before_pc.vhd
    Info (12022): Found design unit 1: mux_before_pc-mux_before_pc_arc File: /home/margav/Desktop/sem 4/cs232/project/IITB_RISC/mux_before_pc.vhd Line: 13
    Info (12023): Found entity 1: mux_before_pc File: /home/margav/Desktop/sem 4/cs232/project/IITB_RISC/mux_before_pc.vhd Line: 5
Info (12021): Found 2 design units, including 1 entities, in source file mux_before_RFA1.vhd
    Info (12022): Found design unit 1: mux_before_RFA1-mux_before_RFA1_arc File: /home/margav/Desktop/sem 4/cs232/project/IITB_RISC/mux_before_RFA1.vhd Line: 13
    Info (12023): Found entity 1: mux_before_RFA1 File: /home/margav/Desktop/sem 4/cs232/project/IITB_RISC/mux_before_RFA1.vhd Line: 5
Info (12021): Found 2 design units, including 1 entities, in source file mux_before_RFA2.vhd
    Info (12022): Found design unit 1: mux_before_RFA2-mux_before_RFA2_arc File: /home/margav/Desktop/sem 4/cs232/project/IITB_RISC/mux_before_RFA2.vhd Line: 13
    Info (12023): Found entity 1: mux_before_RFA2 File: /home/margav/Desktop/sem 4/cs232/project/IITB_RISC/mux_before_RFA2.vhd Line: 5
Warning (12019): Can't analyze file -- file LM_reg.vhd is missing
Info (12021): Found 2 design units, including 1 entities, in source file Top_entity.vhd
    Info (12022): Found design unit 1: Top_entity-Top_entity_arc File: /home/margav/Desktop/sem 4/cs232/project/IITB_RISC/Top_entity.vhd Line: 8
    Info (12023): Found entity 1: Top_entity File: /home/margav/Desktop/sem 4/cs232/project/IITB_RISC/Top_entity.vhd Line: 4
Info (12021): Found 2 design units, including 1 entities, in source file carry_Reg.vhd
    Info (12022): Found design unit 1: carry_Reg-carry_Reg_arc File: /home/margav/Desktop/sem 4/cs232/project/IITB_RISC/carry_Reg.vhd Line: 11
    Info (12023): Found entity 1: carry_Reg File: /home/margav/Desktop/sem 4/cs232/project/IITB_RISC/carry_Reg.vhd Line: 5
Info (12021): Found 2 design units, including 1 entities, in source file zero_Reg.vhd
    Info (12022): Found design unit 1: zero_Reg-zero_Reg_arc File: /home/margav/Desktop/sem 4/cs232/project/IITB_RISC/zero_Reg.vhd Line: 11
    Info (12023): Found entity 1: zero_Reg File: /home/margav/Desktop/sem 4/cs232/project/IITB_RISC/zero_Reg.vhd Line: 5
Info (12021): Found 2 design units, including 1 entities, in source file mux_before_zeroreg.vhd
    Info (12022): Found design unit 1: mux_before_zeroreg-mux_before_zeroreg_arc File: /home/margav/Desktop/sem 4/cs232/project/IITB_RISC/mux_before_zeroreg.vhd Line: 13
    Info (12023): Found entity 1: mux_before_zeroreg File: /home/margav/Desktop/sem 4/cs232/project/IITB_RISC/mux_before_zeroreg.vhd Line: 5
Info (12021): Found 2 design units, including 1 entities, in source file Testbench.vhd
    Info (12022): Found design unit 1: Testbench-Behave File: /home/margav/Desktop/sem 4/cs232/project/IITB_RISC/Testbench.vhd Line: 9
    Info (12023): Found entity 1: Testbench File: /home/margav/Desktop/sem 4/cs232/project/IITB_RISC/Testbench.vhd Line: 7
Info (12127): Elaborating entity "IITB_RISC" for the top level hierarchy
Warning (10492): VHDL Process Statement warning at IITB_RISC.vhd(284): signal "ins" is read inside the Process Statement but isn't in the Process Statement's sensitivity list File: /home/margav/Desktop/sem 4/cs232/project/IITB_RISC/IITB_RISC.vhd Line: 284
Warning (10492): VHDL Process Statement warning at IITB_RISC.vhd(285): signal "ins" is read inside the Process Statement but isn't in the Process Statement's sensitivity list File: /home/margav/Desktop/sem 4/cs232/project/IITB_RISC/IITB_RISC.vhd Line: 285
Warning (10492): VHDL Process Statement warning at IITB_RISC.vhd(287): signal "ins" is read inside the Process Statement but isn't in the Process Statement's sensitivity list File: /home/margav/Desktop/sem 4/cs232/project/IITB_RISC/IITB_RISC.vhd Line: 287
Warning (10492): VHDL Process Statement warning at IITB_RISC.vhd(288): signal "zero" is read inside the Process Statement but isn't in the Process Statement's sensitivity list File: /home/margav/Desktop/sem 4/cs232/project/IITB_RISC/IITB_RISC.vhd Line: 288
Warning (10492): VHDL Process Statement warning at IITB_RISC.vhd(291): signal "pc" is read inside the Process Statement but isn't in the Process Statement's sensitivity list File: /home/margav/Desktop/sem 4/cs232/project/IITB_RISC/IITB_RISC.vhd Line: 291
Warning (10492): VHDL Process Statement warning at IITB_RISC.vhd(295): signal "ins" is read inside the Process Statement but isn't in the Process Statement's sensitivity list File: /home/margav/Desktop/sem 4/cs232/project/IITB_RISC/IITB_RISC.vhd Line: 295
Warning (10492): VHDL Process Statement warning at IITB_RISC.vhd(296): signal "ins" is read inside the Process Statement but isn't in the Process Statement's sensitivity list File: /home/margav/Desktop/sem 4/cs232/project/IITB_RISC/IITB_RISC.vhd Line: 296
Warning (10492): VHDL Process Statement warning at IITB_RISC.vhd(297): signal "carry" is read inside the Process Statement but isn't in the Process Statement's sensitivity list File: /home/margav/Desktop/sem 4/cs232/project/IITB_RISC/IITB_RISC.vhd Line: 297
Warning (10492): VHDL Process Statement warning at IITB_RISC.vhd(300): signal "pc" is read inside the Process Statement but isn't in the Process Statement's sensitivity list File: /home/margav/Desktop/sem 4/cs232/project/IITB_RISC/IITB_RISC.vhd Line: 300
Warning (10492): VHDL Process Statement warning at IITB_RISC.vhd(303): signal "ins" is read inside the Process Statement but isn't in the Process Statement's sensitivity list File: /home/margav/Desktop/sem 4/cs232/project/IITB_RISC/IITB_RISC.vhd Line: 303
Warning (10492): VHDL Process Statement warning at IITB_RISC.vhd(310): signal "ins" is read inside the Process Statement but isn't in the Process Statement's sensitivity list File: /home/margav/Desktop/sem 4/cs232/project/IITB_RISC/IITB_RISC.vhd Line: 310
Warning (10492): VHDL Process Statement warning at IITB_RISC.vhd(311): signal "ins" is read inside the Process Statement but isn't in the Process Statement's sensitivity list File: /home/margav/Desktop/sem 4/cs232/project/IITB_RISC/IITB_RISC.vhd Line: 311
Warning (10492): VHDL Process Statement warning at IITB_RISC.vhd(313): signal "ins" is read inside the Process Statement but isn't in the Process Statement's sensitivity list File: /home/margav/Desktop/sem 4/cs232/project/IITB_RISC/IITB_RISC.vhd Line: 313
Warning (10492): VHDL Process Statement warning at IITB_RISC.vhd(314): signal "zero" is read inside the Process Statement but isn't in the Process Statement's sensitivity list File: /home/margav/Desktop/sem 4/cs232/project/IITB_RISC/IITB_RISC.vhd Line: 314
Warning (10492): VHDL Process Statement warning at IITB_RISC.vhd(317): signal "pc" is read inside the Process Statement but isn't in the Process Statement's sensitivity list File: /home/margav/Desktop/sem 4/cs232/project/IITB_RISC/IITB_RISC.vhd Line: 317
Warning (10492): VHDL Process Statement warning at IITB_RISC.vhd(321): signal "ins" is read inside the Process Statement but isn't in the Process Statement's sensitivity list File: /home/margav/Desktop/sem 4/cs232/project/IITB_RISC/IITB_RISC.vhd Line: 321
Warning (10492): VHDL Process Statement warning at IITB_RISC.vhd(322): signal "ins" is read inside the Process Statement but isn't in the Process Statement's sensitivity list File: /home/margav/Desktop/sem 4/cs232/project/IITB_RISC/IITB_RISC.vhd Line: 322
Warning (10492): VHDL Process Statement warning at IITB_RISC.vhd(323): signal "carry" is read inside the Process Statement but isn't in the Process Statement's sensitivity list File: /home/margav/Desktop/sem 4/cs232/project/IITB_RISC/IITB_RISC.vhd Line: 323
Warning (10492): VHDL Process Statement warning at IITB_RISC.vhd(326): signal "pc" is read inside the Process Statement but isn't in the Process Statement's sensitivity list File: /home/margav/Desktop/sem 4/cs232/project/IITB_RISC/IITB_RISC.vhd Line: 326
Warning (10631): VHDL Process Statement warning at IITB_RISC.vhd(281): inferring latch(es) for signal or variable "STATE", which holds its previous value in one or more paths through the process File: /home/margav/Desktop/sem 4/cs232/project/IITB_RISC/IITB_RISC.vhd Line: 281
Warning (10631): VHDL Process Statement warning at IITB_RISC.vhd(281): inferring latch(es) for signal or variable "pc", which holds its previous value in one or more paths through the process File: /home/margav/Desktop/sem 4/cs232/project/IITB_RISC/IITB_RISC.vhd Line: 281
Warning (21074): Design contains 35 input pin(s) that do not drive logic
    Warning (15610): No output dependent on input pin "clk" File: /home/margav/Desktop/sem 4/cs232/project/IITB_RISC/IITB_RISC.vhd Line: 8
    Warning (15610): No output dependent on input pin "rst" File: /home/margav/Desktop/sem 4/cs232/project/IITB_RISC/IITB_RISC.vhd Line: 8
    Warning (15610): No output dependent on input pin "read_instruction" File: /home/margav/Desktop/sem 4/cs232/project/IITB_RISC/IITB_RISC.vhd Line: 8
    Warning (15610): No output dependent on input pin "starting_pc[0]" File: /home/margav/Desktop/sem 4/cs232/project/IITB_RISC/IITB_RISC.vhd Line: 9
    Warning (15610): No output dependent on input pin "starting_pc[1]" File: /home/margav/Desktop/sem 4/cs232/project/IITB_RISC/IITB_RISC.vhd Line: 9
    Warning (15610): No output dependent on input pin "starting_pc[2]" File: /home/margav/Desktop/sem 4/cs232/project/IITB_RISC/IITB_RISC.vhd Line: 9
    Warning (15610): No output dependent on input pin "starting_pc[3]" File: /home/margav/Desktop/sem 4/cs232/project/IITB_RISC/IITB_RISC.vhd Line: 9
    Warning (15610): No output dependent on input pin "starting_pc[4]" File: /home/margav/Desktop/sem 4/cs232/project/IITB_RISC/IITB_RISC.vhd Line: 9
    Warning (15610): No output dependent on input pin "starting_pc[5]" File: /home/margav/Desktop/sem 4/cs232/project/IITB_RISC/IITB_RISC.vhd Line: 9
    Warning (15610): No output dependent on input pin "starting_pc[6]" File: /home/margav/Desktop/sem 4/cs232/project/IITB_RISC/IITB_RISC.vhd Line: 9
    Warning (15610): No output dependent on input pin "starting_pc[7]" File: /home/margav/Desktop/sem 4/cs232/project/IITB_RISC/IITB_RISC.vhd Line: 9
    Warning (15610): No output dependent on input pin "starting_pc[8]" File: /home/margav/Desktop/sem 4/cs232/project/IITB_RISC/IITB_RISC.vhd Line: 9
    Warning (15610): No output dependent on input pin "starting_pc[9]" File: /home/margav/Desktop/sem 4/cs232/project/IITB_RISC/IITB_RISC.vhd Line: 9
    Warning (15610): No output dependent on input pin "starting_pc[10]" File: /home/margav/Desktop/sem 4/cs232/project/IITB_RISC/IITB_RISC.vhd Line: 9
    Warning (15610): No output dependent on input pin "starting_pc[11]" File: /home/margav/Desktop/sem 4/cs232/project/IITB_RISC/IITB_RISC.vhd Line: 9
    Warning (15610): No output dependent on input pin "starting_pc[12]" File: /home/margav/Desktop/sem 4/cs232/project/IITB_RISC/IITB_RISC.vhd Line: 9
    Warning (15610): No output dependent on input pin "starting_pc[13]" File: /home/margav/Desktop/sem 4/cs232/project/IITB_RISC/IITB_RISC.vhd Line: 9
    Warning (15610): No output dependent on input pin "starting_pc[14]" File: /home/margav/Desktop/sem 4/cs232/project/IITB_RISC/IITB_RISC.vhd Line: 9
    Warning (15610): No output dependent on input pin "starting_pc[15]" File: /home/margav/Desktop/sem 4/cs232/project/IITB_RISC/IITB_RISC.vhd Line: 9
    Warning (15610): No output dependent on input pin "instruction[0]" File: /home/margav/Desktop/sem 4/cs232/project/IITB_RISC/IITB_RISC.vhd Line: 10
    Warning (15610): No output dependent on input pin "instruction[1]" File: /home/margav/Desktop/sem 4/cs232/project/IITB_RISC/IITB_RISC.vhd Line: 10
    Warning (15610): No output dependent on input pin "instruction[2]" File: /home/margav/Desktop/sem 4/cs232/project/IITB_RISC/IITB_RISC.vhd Line: 10
    Warning (15610): No output dependent on input pin "instruction[3]" File: /home/margav/Desktop/sem 4/cs232/project/IITB_RISC/IITB_RISC.vhd Line: 10
    Warning (15610): No output dependent on input pin "instruction[4]" File: /home/margav/Desktop/sem 4/cs232/project/IITB_RISC/IITB_RISC.vhd Line: 10
    Warning (15610): No output dependent on input pin "instruction[5]" File: /home/margav/Desktop/sem 4/cs232/project/IITB_RISC/IITB_RISC.vhd Line: 10
    Warning (15610): No output dependent on input pin "instruction[6]" File: /home/margav/Desktop/sem 4/cs232/project/IITB_RISC/IITB_RISC.vhd Line: 10
    Warning (15610): No output dependent on input pin "instruction[7]" File: /home/margav/Desktop/sem 4/cs232/project/IITB_RISC/IITB_RISC.vhd Line: 10
    Warning (15610): No output dependent on input pin "instruction[8]" File: /home/margav/Desktop/sem 4/cs232/project/IITB_RISC/IITB_RISC.vhd Line: 10
    Warning (15610): No output dependent on input pin "instruction[9]" File: /home/margav/Desktop/sem 4/cs232/project/IITB_RISC/IITB_RISC.vhd Line: 10
    Warning (15610): No output dependent on input pin "instruction[10]" File: /home/margav/Desktop/sem 4/cs232/project/IITB_RISC/IITB_RISC.vhd Line: 10
    Warning (15610): No output dependent on input pin "instruction[11]" File: /home/margav/Desktop/sem 4/cs232/project/IITB_RISC/IITB_RISC.vhd Line: 10
    Warning (15610): No output dependent on input pin "instruction[12]" File: /home/margav/Desktop/sem 4/cs232/project/IITB_RISC/IITB_RISC.vhd Line: 10
    Warning (15610): No output dependent on input pin "instruction[13]" File: /home/margav/Desktop/sem 4/cs232/project/IITB_RISC/IITB_RISC.vhd Line: 10
    Warning (15610): No output dependent on input pin "instruction[14]" File: /home/margav/Desktop/sem 4/cs232/project/IITB_RISC/IITB_RISC.vhd Line: 10
    Warning (15610): No output dependent on input pin "instruction[15]" File: /home/margav/Desktop/sem 4/cs232/project/IITB_RISC/IITB_RISC.vhd Line: 10
Info (21057): Implemented 35 device resources after synthesis - the final resource count might be different
    Info (21058): Implemented 35 input pins
    Info (21059): Implemented 0 output pins
Info: Quartus Prime Analysis & Synthesis was successful. 0 errors, 59 warnings
    Info: Peak virtual memory: 400 megabytes
    Info: Processing ended: Fri May  6 15:06:50 2022
    Info: Elapsed time: 00:00:10
    Info: Total CPU time (on all processors): 00:00:31


