Analysis & Synthesis report for Top_entity
Fri May  6 23:39:36 2022
Quartus Prime Version 20.1.1 Build 720 11/11/2020 SJ Lite Edition


---------------------
; Table of Contents ;
---------------------
  1. Legal Notice
  2. Analysis & Synthesis Summary
  3. Analysis & Synthesis Settings
  4. Parallel Compilation
  5. Analysis & Synthesis Source Files Read
  6. Analysis & Synthesis Resource Usage Summary
  7. Analysis & Synthesis Resource Utilization by Entity
  8. General Register Statistics
  9. Analysis & Synthesis Messages



----------------
; Legal Notice ;
----------------
Copyright (C) 2020  Intel Corporation. All rights reserved.
Your use of Intel Corporation's design tools, logic functions 
and other software and tools, and any partner logic 
functions, and any output files from any of the foregoing 
(including device programming or simulation files), and any 
associated documentation or information are expressly subject 
to the terms and conditions of the Intel Program License 
Subscription Agreement, the Intel Quartus Prime License Agreement,
the Intel FPGA IP License Agreement, or other applicable license
agreement, including, without limitation, that your use is for
the sole purpose of programming logic devices manufactured by
Intel and sold by Intel or its authorized distributors.  Please
refer to the applicable agreement for further details, at
https://fpgasoftware.intel.com/eula.



+---------------------------------------------------------------------------+
; Analysis & Synthesis Summary                                              ;
+-----------------------------+---------------------------------------------+
; Analysis & Synthesis Status ; Successful - Fri May  6 23:39:36 2022       ;
; Quartus Prime Version       ; 20.1.1 Build 720 11/11/2020 SJ Lite Edition ;
; Revision Name               ; Top_entity                                  ;
; Top-level Entity Name       ; Top_entity                                  ;
; Family                      ; MAX V                                       ;
; Total logic elements        ; 0                                           ;
; Total pins                  ; 2                                           ;
; Total virtual pins          ; 0                                           ;
; UFM blocks                  ; 0 / 1 ( 0 % )                               ;
+-----------------------------+---------------------------------------------+


+------------------------------------------------------------------------------------------------------------+
; Analysis & Synthesis Settings                                                                              ;
+------------------------------------------------------------------+--------------------+--------------------+
; Option                                                           ; Setting            ; Default Value      ;
+------------------------------------------------------------------+--------------------+--------------------+
; Top-level entity name                                            ; Top_entity         ; Top_entity         ;
; Family name                                                      ; MAX V              ; Cyclone V          ;
; Use smart compilation                                            ; Off                ; Off                ;
; Enable parallel Assembler and Timing Analyzer during compilation ; On                 ; On                 ;
; Enable compact report table                                      ; Off                ; Off                ;
; Restructure Multiplexers                                         ; Auto               ; Auto               ;
; Create Debugging Nodes for IP Cores                              ; Off                ; Off                ;
; Preserve fewer node names                                        ; On                 ; On                 ;
; Intel FPGA IP Evaluation Mode                                    ; Enable             ; Enable             ;
; Verilog Version                                                  ; Verilog_2001       ; Verilog_2001       ;
; VHDL Version                                                     ; VHDL_1993          ; VHDL_1993          ;
; State Machine Processing                                         ; Auto               ; Auto               ;
; Safe State Machine                                               ; Off                ; Off                ;
; Extract Verilog State Machines                                   ; On                 ; On                 ;
; Extract VHDL State Machines                                      ; On                 ; On                 ;
; Ignore Verilog initial constructs                                ; Off                ; Off                ;
; Iteration limit for constant Verilog loops                       ; 5000               ; 5000               ;
; Iteration limit for non-constant Verilog loops                   ; 250                ; 250                ;
; Add Pass-Through Logic to Inferred RAMs                          ; On                 ; On                 ;
; Infer RAMs from Raw Logic                                        ; On                 ; On                 ;
; Parallel Synthesis                                               ; On                 ; On                 ;
; NOT Gate Push-Back                                               ; On                 ; On                 ;
; Power-Up Don't Care                                              ; On                 ; On                 ;
; Remove Redundant Logic Cells                                     ; Off                ; Off                ;
; Remove Duplicate Registers                                       ; On                 ; On                 ;
; Ignore CARRY Buffers                                             ; Off                ; Off                ;
; Ignore CASCADE Buffers                                           ; Off                ; Off                ;
; Ignore GLOBAL Buffers                                            ; Off                ; Off                ;
; Ignore ROW GLOBAL Buffers                                        ; Off                ; Off                ;
; Ignore LCELL Buffers                                             ; Off                ; Off                ;
; Ignore SOFT Buffers                                              ; On                 ; On                 ;
; Limit AHDL Integers to 32 Bits                                   ; Off                ; Off                ;
; Optimization Technique                                           ; Balanced           ; Balanced           ;
; Carry Chain Length                                               ; 70                 ; 70                 ;
; Auto Carry Chains                                                ; On                 ; On                 ;
; Auto Open-Drain Pins                                             ; On                 ; On                 ;
; Perform WYSIWYG Primitive Resynthesis                            ; Off                ; Off                ;
; Auto Shift Register Replacement                                  ; Auto               ; Auto               ;
; Allow Shift Register Merging across Hierarchies                  ; Auto               ; Auto               ;
; Auto Clock Enable Replacement                                    ; On                 ; On                 ;
; Allow Synchronous Control Signals                                ; On                 ; On                 ;
; Force Use of Synchronous Clear Signals                           ; Off                ; Off                ;
; Auto Resource Sharing                                            ; Off                ; Off                ;
; Use LogicLock Constraints during Resource Balancing              ; On                 ; On                 ;
; Ignore translate_off and synthesis_off directives                ; Off                ; Off                ;
; Report Parameter Settings                                        ; On                 ; On                 ;
; Report Source Assignments                                        ; On                 ; On                 ;
; Report Connectivity Checks                                       ; On                 ; On                 ;
; Ignore Maximum Fan-Out Assignments                               ; Off                ; Off                ;
; Synchronization Register Chain Length                            ; 2                  ; 2                  ;
; Power Optimization During Synthesis                              ; Normal compilation ; Normal compilation ;
; HDL message level                                                ; Level2             ; Level2             ;
; Suppress Register Optimization Related Messages                  ; Off                ; Off                ;
; Number of Removed Registers Reported in Synthesis Report         ; 5000               ; 5000               ;
; Number of Swept Nodes Reported in Synthesis Report               ; 5000               ; 5000               ;
; Number of Inverted Registers Reported in Synthesis Report        ; 100                ; 100                ;
; Clock MUX Protection                                             ; On                 ; On                 ;
; Block Design Naming                                              ; Auto               ; Auto               ;
; Synthesis Effort                                                 ; Auto               ; Auto               ;
; Shift Register Replacement - Allow Asynchronous Clear Signal     ; On                 ; On                 ;
; Analysis & Synthesis Message Level                               ; Medium             ; Medium             ;
; Disable Register Merging Across Hierarchies                      ; Auto               ; Auto               ;
+------------------------------------------------------------------+--------------------+--------------------+


+------------------------------------------+
; Parallel Compilation                     ;
+----------------------------+-------------+
; Processors                 ; Number      ;
+----------------------------+-------------+
; Number detected on machine ; 8           ;
; Maximum allowed            ; 4           ;
;                            ;             ;
; Average used               ; 1.00        ;
; Maximum used               ; 1           ;
;                            ;             ;
; Usage by Processor         ; % Time Used ;
;     Processor 1            ; 100.0%      ;
+----------------------------+-------------+


+-------------------------------------------------------------------------------------------------------------------------------------------------------------------+
; Analysis & Synthesis Source Files Read                                                                                                                            ;
+----------------------------------+-----------------+-----------------------+----------------------------------------------------------------------------+---------+
; File Name with User-Entered Path ; Used in Netlist ; File Type             ; File Name with Absolute Path                                               ; Library ;
+----------------------------------+-----------------+-----------------------+----------------------------------------------------------------------------+---------+
; mux_before_RFD3 .vhd             ; yes             ; User VHDL File        ; /home/margav/Desktop/sem 4/cs232/project/TOP_ENTITY/mux_before_RFD3 .vhd   ;         ;
; Top_entity.vhd                   ; yes             ; Auto-Found VHDL File  ; /home/margav/Desktop/sem 4/cs232/project/TOP_ENTITY/Top_entity.vhd         ;         ;
; Controller.vhd                   ; yes             ; Auto-Found VHDL File  ; /home/margav/Desktop/sem 4/cs232/project/TOP_ENTITY/Controller.vhd         ;         ;
; IR.vhd                           ; yes             ; Auto-Found VHDL File  ; /home/margav/Desktop/sem 4/cs232/project/TOP_ENTITY/IR.vhd                 ;         ;
; A_Reg.vhd                        ; yes             ; Auto-Found VHDL File  ; /home/margav/Desktop/sem 4/cs232/project/TOP_ENTITY/A_Reg.vhd              ;         ;
; B_Reg.vhd                        ; yes             ; Auto-Found VHDL File  ; /home/margav/Desktop/sem 4/cs232/project/TOP_ENTITY/B_Reg.vhd              ;         ;
; pc.vhd                           ; yes             ; Auto-Found VHDL File  ; /home/margav/Desktop/sem 4/cs232/project/TOP_ENTITY/pc.vhd                 ;         ;
; ALU_control.vhd                  ; yes             ; Auto-Found VHDL File  ; /home/margav/Desktop/sem 4/cs232/project/TOP_ENTITY/ALU_control.vhd        ;         ;
; ALU_Reg.vhd                      ; yes             ; Auto-Found VHDL File  ; /home/margav/Desktop/sem 4/cs232/project/TOP_ENTITY/ALU_Reg.vhd            ;         ;
; ALU.vhd                          ; yes             ; Auto-Found VHDL File  ; /home/margav/Desktop/sem 4/cs232/project/TOP_ENTITY/ALU.vhd                ;         ;
; ADD.vhd                          ; yes             ; Auto-Found VHDL File  ; /home/margav/Desktop/sem 4/cs232/project/TOP_ENTITY/ADD.vhd                ;         ;
; left_shift.vhd                   ; yes             ; Auto-Found VHDL File  ; /home/margav/Desktop/sem 4/cs232/project/TOP_ENTITY/left_shift.vhd         ;         ;
; Shift_left7.vhd                  ; yes             ; Auto-Found VHDL File  ; /home/margav/Desktop/sem 4/cs232/project/TOP_ENTITY/Shift_left7.vhd        ;         ;
; Sign_extend.vhd                  ; yes             ; Auto-Found VHDL File  ; /home/margav/Desktop/sem 4/cs232/project/TOP_ENTITY/Sign_extend.vhd        ;         ;
; LMSM_reg.vhd                     ; yes             ; Auto-Found VHDL File  ; /home/margav/Desktop/sem 4/cs232/project/TOP_ENTITY/LMSM_reg.vhd           ;         ;
; MDR.vhd                          ; yes             ; Auto-Found VHDL File  ; /home/margav/Desktop/sem 4/cs232/project/TOP_ENTITY/MDR.vhd                ;         ;
; Memory.vhd                       ; yes             ; Auto-Found VHDL File  ; /home/margav/Desktop/sem 4/cs232/project/TOP_ENTITY/Memory.vhd             ;         ;
; Register_File.vhd                ; yes             ; Auto-Found VHDL File  ; /home/margav/Desktop/sem 4/cs232/project/TOP_ENTITY/Register_File.vhd      ;         ;
; mux_before_ALUA.vhd              ; yes             ; Auto-Found VHDL File  ; /home/margav/Desktop/sem 4/cs232/project/TOP_ENTITY/mux_before_ALUA.vhd    ;         ;
; mux_before_ALUB.vhd              ; yes             ; Auto-Found VHDL File  ; /home/margav/Desktop/sem 4/cs232/project/TOP_ENTITY/mux_before_ALUB.vhd    ;         ;
; mux_before_MEMA1.vhd             ; yes             ; Auto-Found VHDL File  ; /home/margav/Desktop/sem 4/cs232/project/TOP_ENTITY/mux_before_MEMA1.vhd   ;         ;
; mux_before_pc.vhd                ; yes             ; Auto-Found VHDL File  ; /home/margav/Desktop/sem 4/cs232/project/TOP_ENTITY/mux_before_pc.vhd      ;         ;
; mux_before_RFA1.vhd              ; yes             ; Auto-Found VHDL File  ; /home/margav/Desktop/sem 4/cs232/project/TOP_ENTITY/mux_before_RFA1.vhd    ;         ;
; mux_before_RFA2.vhd              ; yes             ; Auto-Found VHDL File  ; /home/margav/Desktop/sem 4/cs232/project/TOP_ENTITY/mux_before_RFA2.vhd    ;         ;
; mux_before_RFA3.vhd              ; yes             ; Auto-Found VHDL File  ; /home/margav/Desktop/sem 4/cs232/project/TOP_ENTITY/mux_before_RFA3.vhd    ;         ;
; zero_Reg.vhd                     ; yes             ; Auto-Found VHDL File  ; /home/margav/Desktop/sem 4/cs232/project/TOP_ENTITY/zero_Reg.vhd           ;         ;
; carry_Reg.vhd                    ; yes             ; Auto-Found VHDL File  ; /home/margav/Desktop/sem 4/cs232/project/TOP_ENTITY/carry_Reg.vhd          ;         ;
; mux_before_zeroreg.vhd           ; yes             ; Auto-Found VHDL File  ; /home/margav/Desktop/sem 4/cs232/project/TOP_ENTITY/mux_before_zeroreg.vhd ;         ;
+----------------------------------+-----------------+-----------------------+----------------------------------------------------------------------------+---------+


+-----------------------------------------------------+
; Analysis & Synthesis Resource Usage Summary         ;
+---------------------------------------------+-------+
; Resource                                    ; Usage ;
+---------------------------------------------+-------+
; Total logic elements                        ; 0     ;
;     -- Combinational with no register       ; 0     ;
;     -- Register only                        ; 0     ;
;     -- Combinational with a register        ; 0     ;
;                                             ;       ;
; Logic element usage by number of LUT inputs ;       ;
;     -- 4 input functions                    ; 0     ;
;     -- 3 input functions                    ; 0     ;
;     -- 2 input functions                    ; 0     ;
;     -- 1 input functions                    ; 0     ;
;     -- 0 input functions                    ; 0     ;
;                                             ;       ;
; Logic elements by mode                      ;       ;
;     -- normal mode                          ; 0     ;
;     -- arithmetic mode                      ; 0     ;
;     -- qfbk mode                            ; 0     ;
;     -- register cascade mode                ; 0     ;
;     -- synchronous clear/load mode          ; 0     ;
;     -- asynchronous clear/load mode         ; 0     ;
;                                             ;       ;
; Total registers                             ; 0     ;
; I/O pins                                    ; 2     ;
+---------------------------------------------+-------+


+------------------------------------------------------------------------------------------------------------------------------------------------------------------------------------------------------------------------------------+
; Analysis & Synthesis Resource Utilization by Entity                                                                                                                                                                                ;
+----------------------------+-------------+--------------+------------+------+--------------+--------------+-------------------+------------------+-----------------+------------+---------------------+-------------+--------------+
; Compilation Hierarchy Node ; Logic Cells ; LC Registers ; UFM Blocks ; Pins ; Virtual Pins ; LUT-Only LCs ; Register-Only LCs ; LUT/Register LCs ; Carry Chain LCs ; Packed LCs ; Full Hierarchy Name ; Entity Name ; Library Name ;
+----------------------------+-------------+--------------+------------+------+--------------+--------------+-------------------+------------------+-----------------+------------+---------------------+-------------+--------------+
; |Top_entity                ; 0 (0)       ; 0            ; 0          ; 2    ; 0            ; 0 (0)        ; 0 (0)             ; 0 (0)            ; 0 (0)           ; 0 (0)      ; |Top_entity         ; Top_entity  ; work         ;
+----------------------------+-------------+--------------+------------+------+--------------+--------------+-------------------+------------------+-----------------+------------+---------------------+-------------+--------------+
Note: For table entries with two numbers listed, the numbers in parentheses indicate the number of resources of the given type used by the specific entity alone. The numbers listed outside of parentheses indicate the total resources of the given type used by the specific entity and all of its sub-entities in the hierarchy.


+------------------------------------------------------+
; General Register Statistics                          ;
+----------------------------------------------+-------+
; Statistic                                    ; Value ;
+----------------------------------------------+-------+
; Total registers                              ; 0     ;
; Number of registers using Synchronous Clear  ; 0     ;
; Number of registers using Synchronous Load   ; 0     ;
; Number of registers using Asynchronous Clear ; 0     ;
; Number of registers using Asynchronous Load  ; 0     ;
; Number of registers using Clock Enable       ; 0     ;
; Number of registers using Preset             ; 0     ;
+----------------------------------------------+-------+


+-------------------------------+
; Analysis & Synthesis Messages ;
+-------------------------------+
Info: *******************************************************************
Info: Running Quartus Prime Analysis & Synthesis
    Info: Version 20.1.1 Build 720 11/11/2020 SJ Lite Edition
    Info: Processing started: Fri May  6 23:39:27 2022
Info: Command: quartus_map --read_settings_files=on --write_settings_files=off Top_entity -c Top_entity
Warning (18236): Number of processors has not been specified which may cause overloading on shared machines.  Set the global assignment NUM_PARALLEL_PROCESSORS in your QSF to an appropriate value for best performance.
Info (20030): Parallel compilation is enabled and will use 4 of the 4 processors detected
Info (12021): Found 2 design units, including 1 entities, in source file mux_before_RFD3 .vhd
    Info (12022): Found design unit 1: mux_before_RFD3-mux_before_RFD3_arc File: /home/margav/Desktop/sem 4/cs232/project/TOP_ENTITY/mux_before_RFD3 .vhd Line: 15
    Info (12023): Found entity 1: mux_before_RFD3 File: /home/margav/Desktop/sem 4/cs232/project/TOP_ENTITY/mux_before_RFD3 .vhd Line: 5
Warning (12125): Using design file Top_entity.vhd, which is not specified as a design file for the current project, but contains definitions for 2 design units and 1 entities in project
    Info (12022): Found design unit 1: Top_entity-Top_entity_arc File: /home/margav/Desktop/sem 4/cs232/project/TOP_ENTITY/Top_entity.vhd Line: 8
    Info (12023): Found entity 1: Top_entity File: /home/margav/Desktop/sem 4/cs232/project/TOP_ENTITY/Top_entity.vhd Line: 4
Info (12127): Elaborating entity "Top_entity" for the top level hierarchy
Warning (12125): Using design file Controller.vhd, which is not specified as a design file for the current project, but contains definitions for 2 design units and 1 entities in project
    Info (12022): Found design unit 1: Controller-Controller_arc File: /home/margav/Desktop/sem 4/cs232/project/TOP_ENTITY/Controller.vhd Line: 41
    Info (12023): Found entity 1: Controller File: /home/margav/Desktop/sem 4/cs232/project/TOP_ENTITY/Controller.vhd Line: 6
Info (12128): Elaborating entity "Controller" for hierarchy "Controller:CONTROL" File: /home/margav/Desktop/sem 4/cs232/project/TOP_ENTITY/Top_entity.vhd Line: 249
Warning (10492): VHDL Process Statement warning at Controller.vhd(259): signal "ins_7to0" is read inside the Process Statement but isn't in the Process Statement's sensitivity list File: /home/margav/Desktop/sem 4/cs232/project/TOP_ENTITY/Controller.vhd Line: 259
Warning (10492): VHDL Process Statement warning at Controller.vhd(259): signal "Reg_ADD" is read inside the Process Statement but isn't in the Process Statement's sensitivity list File: /home/margav/Desktop/sem 4/cs232/project/TOP_ENTITY/Controller.vhd Line: 259
Warning (10492): VHDL Process Statement warning at Controller.vhd(297): signal "Reg_ADD" is read inside the Process Statement but isn't in the Process Statement's sensitivity list File: /home/margav/Desktop/sem 4/cs232/project/TOP_ENTITY/Controller.vhd Line: 297
Warning (10631): VHDL Process Statement warning at Controller.vhd(43): inferring latch(es) for signal or variable "AReg_write", which holds its previous value in one or more paths through the process File: /home/margav/Desktop/sem 4/cs232/project/TOP_ENTITY/Controller.vhd Line: 43
Warning (10631): VHDL Process Statement warning at Controller.vhd(43): inferring latch(es) for signal or variable "BReg_write", which holds its previous value in one or more paths through the process File: /home/margav/Desktop/sem 4/cs232/project/TOP_ENTITY/Controller.vhd Line: 43
Warning (10631): VHDL Process Statement warning at Controller.vhd(43): inferring latch(es) for signal or variable "MDR_write", which holds its previous value in one or more paths through the process File: /home/margav/Desktop/sem 4/cs232/project/TOP_ENTITY/Controller.vhd Line: 43
Warning (10631): VHDL Process Statement warning at Controller.vhd(43): inferring latch(es) for signal or variable "M_write", which holds its previous value in one or more paths through the process File: /home/margav/Desktop/sem 4/cs232/project/TOP_ENTITY/Controller.vhd Line: 43
Warning (10631): VHDL Process Statement warning at Controller.vhd(43): inferring latch(es) for signal or variable "pc_write", which holds its previous value in one or more paths through the process File: /home/margav/Desktop/sem 4/cs232/project/TOP_ENTITY/Controller.vhd Line: 43
Warning (10631): VHDL Process Statement warning at Controller.vhd(43): inferring latch(es) for signal or variable "RF_write", which holds its previous value in one or more paths through the process File: /home/margav/Desktop/sem 4/cs232/project/TOP_ENTITY/Controller.vhd Line: 43
Warning (10631): VHDL Process Statement warning at Controller.vhd(43): inferring latch(es) for signal or variable "carry_write", which holds its previous value in one or more paths through the process File: /home/margav/Desktop/sem 4/cs232/project/TOP_ENTITY/Controller.vhd Line: 43
Warning (10631): VHDL Process Statement warning at Controller.vhd(43): inferring latch(es) for signal or variable "zero_write", which holds its previous value in one or more paths through the process File: /home/margav/Desktop/sem 4/cs232/project/TOP_ENTITY/Controller.vhd Line: 43
Warning (10631): VHDL Process Statement warning at Controller.vhd(43): inferring latch(es) for signal or variable "IR_write", which holds its previous value in one or more paths through the process File: /home/margav/Desktop/sem 4/cs232/project/TOP_ENTITY/Controller.vhd Line: 43
Warning (10631): VHDL Process Statement warning at Controller.vhd(43): inferring latch(es) for signal or variable "ALUReg_write", which holds its previous value in one or more paths through the process File: /home/margav/Desktop/sem 4/cs232/project/TOP_ENTITY/Controller.vhd Line: 43
Warning (10631): VHDL Process Statement warning at Controller.vhd(43): inferring latch(es) for signal or variable "mux_before_RFD3_cs", which holds its previous value in one or more paths through the process File: /home/margav/Desktop/sem 4/cs232/project/TOP_ENTITY/Controller.vhd Line: 43
Warning (10631): VHDL Process Statement warning at Controller.vhd(43): inferring latch(es) for signal or variable "mux_before_RFA3_cs", which holds its previous value in one or more paths through the process File: /home/margav/Desktop/sem 4/cs232/project/TOP_ENTITY/Controller.vhd Line: 43
Warning (10631): VHDL Process Statement warning at Controller.vhd(43): inferring latch(es) for signal or variable "mux_before_RFA1_cs", which holds its previous value in one or more paths through the process File: /home/margav/Desktop/sem 4/cs232/project/TOP_ENTITY/Controller.vhd Line: 43
Warning (10631): VHDL Process Statement warning at Controller.vhd(43): inferring latch(es) for signal or variable "mux_before_RFA2_cs", which holds its previous value in one or more paths through the process File: /home/margav/Desktop/sem 4/cs232/project/TOP_ENTITY/Controller.vhd Line: 43
Warning (10631): VHDL Process Statement warning at Controller.vhd(43): inferring latch(es) for signal or variable "mux_before_MEMA1_cs", which holds its previous value in one or more paths through the process File: /home/margav/Desktop/sem 4/cs232/project/TOP_ENTITY/Controller.vhd Line: 43
Warning (10631): VHDL Process Statement warning at Controller.vhd(43): inferring latch(es) for signal or variable "mux_before_ALUB_cs", which holds its previous value in one or more paths through the process File: /home/margav/Desktop/sem 4/cs232/project/TOP_ENTITY/Controller.vhd Line: 43
Warning (10631): VHDL Process Statement warning at Controller.vhd(43): inferring latch(es) for signal or variable "mux_before_ALUA_cs", which holds its previous value in one or more paths through the process File: /home/margav/Desktop/sem 4/cs232/project/TOP_ENTITY/Controller.vhd Line: 43
Warning (10631): VHDL Process Statement warning at Controller.vhd(43): inferring latch(es) for signal or variable "mux_before_pc_cs", which holds its previous value in one or more paths through the process File: /home/margav/Desktop/sem 4/cs232/project/TOP_ENTITY/Controller.vhd Line: 43
Warning (10631): VHDL Process Statement warning at Controller.vhd(43): inferring latch(es) for signal or variable "mux_before_zeroreg_cs", which holds its previous value in one or more paths through the process File: /home/margav/Desktop/sem 4/cs232/project/TOP_ENTITY/Controller.vhd Line: 43
Warning (10631): VHDL Process Statement warning at Controller.vhd(43): inferring latch(es) for signal or variable "LMSM_cs", which holds its previous value in one or more paths through the process File: /home/margav/Desktop/sem 4/cs232/project/TOP_ENTITY/Controller.vhd Line: 43
Warning (10631): VHDL Process Statement warning at Controller.vhd(43): inferring latch(es) for signal or variable "imm6", which holds its previous value in one or more paths through the process File: /home/margav/Desktop/sem 4/cs232/project/TOP_ENTITY/Controller.vhd Line: 43
Warning (10631): VHDL Process Statement warning at Controller.vhd(43): inferring latch(es) for signal or variable "ALU_Op", which holds its previous value in one or more paths through the process File: /home/margav/Desktop/sem 4/cs232/project/TOP_ENTITY/Controller.vhd Line: 43
Warning (10631): VHDL Process Statement warning at Controller.vhd(43): inferring latch(es) for signal or variable "nextState", which holds its previous value in one or more paths through the process File: /home/margav/Desktop/sem 4/cs232/project/TOP_ENTITY/Controller.vhd Line: 43
Info (10041): Inferred latch for "nextState[0]" at Controller.vhd(43) File: /home/margav/Desktop/sem 4/cs232/project/TOP_ENTITY/Controller.vhd Line: 43
Info (10041): Inferred latch for "nextState[1]" at Controller.vhd(43) File: /home/margav/Desktop/sem 4/cs232/project/TOP_ENTITY/Controller.vhd Line: 43
Info (10041): Inferred latch for "nextState[2]" at Controller.vhd(43) File: /home/margav/Desktop/sem 4/cs232/project/TOP_ENTITY/Controller.vhd Line: 43
Info (10041): Inferred latch for "nextState[3]" at Controller.vhd(43) File: /home/margav/Desktop/sem 4/cs232/project/TOP_ENTITY/Controller.vhd Line: 43
Info (10041): Inferred latch for "nextState[4]" at Controller.vhd(43) File: /home/margav/Desktop/sem 4/cs232/project/TOP_ENTITY/Controller.vhd Line: 43
Info (10041): Inferred latch for "ALU_Op[0]" at Controller.vhd(43) File: /home/margav/Desktop/sem 4/cs232/project/TOP_ENTITY/Controller.vhd Line: 43
Info (10041): Inferred latch for "ALU_Op[1]" at Controller.vhd(43) File: /home/margav/Desktop/sem 4/cs232/project/TOP_ENTITY/Controller.vhd Line: 43
Info (10041): Inferred latch for "imm6" at Controller.vhd(43) File: /home/margav/Desktop/sem 4/cs232/project/TOP_ENTITY/Controller.vhd Line: 43
Info (10041): Inferred latch for "LMSM_cs[0]" at Controller.vhd(43) File: /home/margav/Desktop/sem 4/cs232/project/TOP_ENTITY/Controller.vhd Line: 43
Info (10041): Inferred latch for "LMSM_cs[1]" at Controller.vhd(43) File: /home/margav/Desktop/sem 4/cs232/project/TOP_ENTITY/Controller.vhd Line: 43
Info (10041): Inferred latch for "mux_before_zeroreg_cs" at Controller.vhd(43) File: /home/margav/Desktop/sem 4/cs232/project/TOP_ENTITY/Controller.vhd Line: 43
Info (10041): Inferred latch for "mux_before_pc_cs[0]" at Controller.vhd(43) File: /home/margav/Desktop/sem 4/cs232/project/TOP_ENTITY/Controller.vhd Line: 43
Info (10041): Inferred latch for "mux_before_pc_cs[1]" at Controller.vhd(43) File: /home/margav/Desktop/sem 4/cs232/project/TOP_ENTITY/Controller.vhd Line: 43
Info (10041): Inferred latch for "mux_before_ALUA_cs[0]" at Controller.vhd(43) File: /home/margav/Desktop/sem 4/cs232/project/TOP_ENTITY/Controller.vhd Line: 43
Info (10041): Inferred latch for "mux_before_ALUA_cs[1]" at Controller.vhd(43) File: /home/margav/Desktop/sem 4/cs232/project/TOP_ENTITY/Controller.vhd Line: 43
Info (10041): Inferred latch for "mux_before_ALUA_cs[2]" at Controller.vhd(43) File: /home/margav/Desktop/sem 4/cs232/project/TOP_ENTITY/Controller.vhd Line: 43
Info (10041): Inferred latch for "mux_before_ALUB_cs[0]" at Controller.vhd(43) File: /home/margav/Desktop/sem 4/cs232/project/TOP_ENTITY/Controller.vhd Line: 43
Info (10041): Inferred latch for "mux_before_ALUB_cs[1]" at Controller.vhd(43) File: /home/margav/Desktop/sem 4/cs232/project/TOP_ENTITY/Controller.vhd Line: 43
Info (10041): Inferred latch for "mux_before_ALUB_cs[2]" at Controller.vhd(43) File: /home/margav/Desktop/sem 4/cs232/project/TOP_ENTITY/Controller.vhd Line: 43
Info (10041): Inferred latch for "mux_before_MEMA1_cs[0]" at Controller.vhd(43) File: /home/margav/Desktop/sem 4/cs232/project/TOP_ENTITY/Controller.vhd Line: 43
Info (10041): Inferred latch for "mux_before_MEMA1_cs[1]" at Controller.vhd(43) File: /home/margav/Desktop/sem 4/cs232/project/TOP_ENTITY/Controller.vhd Line: 43
Info (10041): Inferred latch for "mux_before_RFA2_cs[0]" at Controller.vhd(43) File: /home/margav/Desktop/sem 4/cs232/project/TOP_ENTITY/Controller.vhd Line: 43
Info (10041): Inferred latch for "mux_before_RFA2_cs[1]" at Controller.vhd(43) File: /home/margav/Desktop/sem 4/cs232/project/TOP_ENTITY/Controller.vhd Line: 43
Info (10041): Inferred latch for "mux_before_RFA1_cs[0]" at Controller.vhd(43) File: /home/margav/Desktop/sem 4/cs232/project/TOP_ENTITY/Controller.vhd Line: 43
Info (10041): Inferred latch for "mux_before_RFA1_cs[1]" at Controller.vhd(43) File: /home/margav/Desktop/sem 4/cs232/project/TOP_ENTITY/Controller.vhd Line: 43
Info (10041): Inferred latch for "mux_before_RFA3_cs[0]" at Controller.vhd(43) File: /home/margav/Desktop/sem 4/cs232/project/TOP_ENTITY/Controller.vhd Line: 43
Info (10041): Inferred latch for "mux_before_RFA3_cs[1]" at Controller.vhd(43) File: /home/margav/Desktop/sem 4/cs232/project/TOP_ENTITY/Controller.vhd Line: 43
Info (10041): Inferred latch for "mux_before_RFD3_cs[0]" at Controller.vhd(43) File: /home/margav/Desktop/sem 4/cs232/project/TOP_ENTITY/Controller.vhd Line: 43
Info (10041): Inferred latch for "mux_before_RFD3_cs[1]" at Controller.vhd(43) File: /home/margav/Desktop/sem 4/cs232/project/TOP_ENTITY/Controller.vhd Line: 43
Info (10041): Inferred latch for "mux_before_RFD3_cs[2]" at Controller.vhd(43) File: /home/margav/Desktop/sem 4/cs232/project/TOP_ENTITY/Controller.vhd Line: 43
Info (10041): Inferred latch for "mux_before_RFD3_cs[3]" at Controller.vhd(43) File: /home/margav/Desktop/sem 4/cs232/project/TOP_ENTITY/Controller.vhd Line: 43
Info (10041): Inferred latch for "ALUReg_write" at Controller.vhd(43) File: /home/margav/Desktop/sem 4/cs232/project/TOP_ENTITY/Controller.vhd Line: 43
Info (10041): Inferred latch for "IR_write" at Controller.vhd(43) File: /home/margav/Desktop/sem 4/cs232/project/TOP_ENTITY/Controller.vhd Line: 43
Info (10041): Inferred latch for "zero_write" at Controller.vhd(43) File: /home/margav/Desktop/sem 4/cs232/project/TOP_ENTITY/Controller.vhd Line: 43
Info (10041): Inferred latch for "carry_write" at Controller.vhd(43) File: /home/margav/Desktop/sem 4/cs232/project/TOP_ENTITY/Controller.vhd Line: 43
Info (10041): Inferred latch for "RF_write" at Controller.vhd(43) File: /home/margav/Desktop/sem 4/cs232/project/TOP_ENTITY/Controller.vhd Line: 43
Info (10041): Inferred latch for "pc_write" at Controller.vhd(43) File: /home/margav/Desktop/sem 4/cs232/project/TOP_ENTITY/Controller.vhd Line: 43
Info (10041): Inferred latch for "M_write" at Controller.vhd(43) File: /home/margav/Desktop/sem 4/cs232/project/TOP_ENTITY/Controller.vhd Line: 43
Info (10041): Inferred latch for "MDR_write" at Controller.vhd(43) File: /home/margav/Desktop/sem 4/cs232/project/TOP_ENTITY/Controller.vhd Line: 43
Info (10041): Inferred latch for "BReg_write" at Controller.vhd(43) File: /home/margav/Desktop/sem 4/cs232/project/TOP_ENTITY/Controller.vhd Line: 43
Info (10041): Inferred latch for "AReg_write" at Controller.vhd(43) File: /home/margav/Desktop/sem 4/cs232/project/TOP_ENTITY/Controller.vhd Line: 43
Warning (12125): Using design file IR.vhd, which is not specified as a design file for the current project, but contains definitions for 2 design units and 1 entities in project
    Info (12022): Found design unit 1: IR-IR_arc File: /home/margav/Desktop/sem 4/cs232/project/TOP_ENTITY/IR.vhd Line: 17
    Info (12023): Found entity 1: IR File: /home/margav/Desktop/sem 4/cs232/project/TOP_ENTITY/IR.vhd Line: 5
Info (12128): Elaborating entity "IR" for hierarchy "IR:IR1" File: /home/margav/Desktop/sem 4/cs232/project/TOP_ENTITY/Top_entity.vhd Line: 263
Warning (10631): VHDL Process Statement warning at IR.vhd(27): inferring latch(es) for signal or variable "ins", which holds its previous value in one or more paths through the process File: /home/margav/Desktop/sem 4/cs232/project/TOP_ENTITY/IR.vhd Line: 27
Info (10041): Inferred latch for "ins[0]" at IR.vhd(27) File: /home/margav/Desktop/sem 4/cs232/project/TOP_ENTITY/IR.vhd Line: 27
Info (10041): Inferred latch for "ins[1]" at IR.vhd(27) File: /home/margav/Desktop/sem 4/cs232/project/TOP_ENTITY/IR.vhd Line: 27
Info (10041): Inferred latch for "ins[2]" at IR.vhd(27) File: /home/margav/Desktop/sem 4/cs232/project/TOP_ENTITY/IR.vhd Line: 27
Info (10041): Inferred latch for "ins[3]" at IR.vhd(27) File: /home/margav/Desktop/sem 4/cs232/project/TOP_ENTITY/IR.vhd Line: 27
Info (10041): Inferred latch for "ins[4]" at IR.vhd(27) File: /home/margav/Desktop/sem 4/cs232/project/TOP_ENTITY/IR.vhd Line: 27
Info (10041): Inferred latch for "ins[5]" at IR.vhd(27) File: /home/margav/Desktop/sem 4/cs232/project/TOP_ENTITY/IR.vhd Line: 27
Info (10041): Inferred latch for "ins[6]" at IR.vhd(27) File: /home/margav/Desktop/sem 4/cs232/project/TOP_ENTITY/IR.vhd Line: 27
Info (10041): Inferred latch for "ins[7]" at IR.vhd(27) File: /home/margav/Desktop/sem 4/cs232/project/TOP_ENTITY/IR.vhd Line: 27
Info (10041): Inferred latch for "ins[8]" at IR.vhd(27) File: /home/margav/Desktop/sem 4/cs232/project/TOP_ENTITY/IR.vhd Line: 27
Info (10041): Inferred latch for "ins[9]" at IR.vhd(27) File: /home/margav/Desktop/sem 4/cs232/project/TOP_ENTITY/IR.vhd Line: 27
Info (10041): Inferred latch for "ins[10]" at IR.vhd(27) File: /home/margav/Desktop/sem 4/cs232/project/TOP_ENTITY/IR.vhd Line: 27
Info (10041): Inferred latch for "ins[11]" at IR.vhd(27) File: /home/margav/Desktop/sem 4/cs232/project/TOP_ENTITY/IR.vhd Line: 27
Info (10041): Inferred latch for "ins[12]" at IR.vhd(27) File: /home/margav/Desktop/sem 4/cs232/project/TOP_ENTITY/IR.vhd Line: 27
Info (10041): Inferred latch for "ins[13]" at IR.vhd(27) File: /home/margav/Desktop/sem 4/cs232/project/TOP_ENTITY/IR.vhd Line: 27
Info (10041): Inferred latch for "ins[14]" at IR.vhd(27) File: /home/margav/Desktop/sem 4/cs232/project/TOP_ENTITY/IR.vhd Line: 27
Info (10041): Inferred latch for "ins[15]" at IR.vhd(27) File: /home/margav/Desktop/sem 4/cs232/project/TOP_ENTITY/IR.vhd Line: 27
Warning (12125): Using design file A_Reg.vhd, which is not specified as a design file for the current project, but contains definitions for 2 design units and 1 entities in project
    Info (12022): Found design unit 1: A_Reg-A_Reg_arc File: /home/margav/Desktop/sem 4/cs232/project/TOP_ENTITY/A_Reg.vhd Line: 11
    Info (12023): Found entity 1: A_Reg File: /home/margav/Desktop/sem 4/cs232/project/TOP_ENTITY/A_Reg.vhd Line: 5
Info (12128): Elaborating entity "A_Reg" for hierarchy "A_Reg:A_REG1" File: /home/margav/Desktop/sem 4/cs232/project/TOP_ENTITY/Top_entity.vhd Line: 267
Warning (10631): VHDL Process Statement warning at A_Reg.vhd(15): inferring latch(es) for signal or variable "result", which holds its previous value in one or more paths through the process File: /home/margav/Desktop/sem 4/cs232/project/TOP_ENTITY/A_Reg.vhd Line: 15
Info (10041): Inferred latch for "result[0]" at A_Reg.vhd(15) File: /home/margav/Desktop/sem 4/cs232/project/TOP_ENTITY/A_Reg.vhd Line: 15
Info (10041): Inferred latch for "result[1]" at A_Reg.vhd(15) File: /home/margav/Desktop/sem 4/cs232/project/TOP_ENTITY/A_Reg.vhd Line: 15
Info (10041): Inferred latch for "result[2]" at A_Reg.vhd(15) File: /home/margav/Desktop/sem 4/cs232/project/TOP_ENTITY/A_Reg.vhd Line: 15
Info (10041): Inferred latch for "result[3]" at A_Reg.vhd(15) File: /home/margav/Desktop/sem 4/cs232/project/TOP_ENTITY/A_Reg.vhd Line: 15
Info (10041): Inferred latch for "result[4]" at A_Reg.vhd(15) File: /home/margav/Desktop/sem 4/cs232/project/TOP_ENTITY/A_Reg.vhd Line: 15
Info (10041): Inferred latch for "result[5]" at A_Reg.vhd(15) File: /home/margav/Desktop/sem 4/cs232/project/TOP_ENTITY/A_Reg.vhd Line: 15
Info (10041): Inferred latch for "result[6]" at A_Reg.vhd(15) File: /home/margav/Desktop/sem 4/cs232/project/TOP_ENTITY/A_Reg.vhd Line: 15
Info (10041): Inferred latch for "result[7]" at A_Reg.vhd(15) File: /home/margav/Desktop/sem 4/cs232/project/TOP_ENTITY/A_Reg.vhd Line: 15
Info (10041): Inferred latch for "result[8]" at A_Reg.vhd(15) File: /home/margav/Desktop/sem 4/cs232/project/TOP_ENTITY/A_Reg.vhd Line: 15
Info (10041): Inferred latch for "result[9]" at A_Reg.vhd(15) File: /home/margav/Desktop/sem 4/cs232/project/TOP_ENTITY/A_Reg.vhd Line: 15
Info (10041): Inferred latch for "result[10]" at A_Reg.vhd(15) File: /home/margav/Desktop/sem 4/cs232/project/TOP_ENTITY/A_Reg.vhd Line: 15
Info (10041): Inferred latch for "result[11]" at A_Reg.vhd(15) File: /home/margav/Desktop/sem 4/cs232/project/TOP_ENTITY/A_Reg.vhd Line: 15
Info (10041): Inferred latch for "result[12]" at A_Reg.vhd(15) File: /home/margav/Desktop/sem 4/cs232/project/TOP_ENTITY/A_Reg.vhd Line: 15
Info (10041): Inferred latch for "result[13]" at A_Reg.vhd(15) File: /home/margav/Desktop/sem 4/cs232/project/TOP_ENTITY/A_Reg.vhd Line: 15
Info (10041): Inferred latch for "result[14]" at A_Reg.vhd(15) File: /home/margav/Desktop/sem 4/cs232/project/TOP_ENTITY/A_Reg.vhd Line: 15
Info (10041): Inferred latch for "result[15]" at A_Reg.vhd(15) File: /home/margav/Desktop/sem 4/cs232/project/TOP_ENTITY/A_Reg.vhd Line: 15
Warning (12125): Using design file B_Reg.vhd, which is not specified as a design file for the current project, but contains definitions for 2 design units and 1 entities in project
    Info (12022): Found design unit 1: B_Reg-B_Reg_arc File: /home/margav/Desktop/sem 4/cs232/project/TOP_ENTITY/B_Reg.vhd Line: 11
    Info (12023): Found entity 1: B_Reg File: /home/margav/Desktop/sem 4/cs232/project/TOP_ENTITY/B_Reg.vhd Line: 5
Info (12128): Elaborating entity "B_Reg" for hierarchy "B_Reg:B_REG1" File: /home/margav/Desktop/sem 4/cs232/project/TOP_ENTITY/Top_entity.vhd Line: 270
Warning (10631): VHDL Process Statement warning at B_Reg.vhd(15): inferring latch(es) for signal or variable "result", which holds its previous value in one or more paths through the process File: /home/margav/Desktop/sem 4/cs232/project/TOP_ENTITY/B_Reg.vhd Line: 15
Info (10041): Inferred latch for "result[0]" at B_Reg.vhd(15) File: /home/margav/Desktop/sem 4/cs232/project/TOP_ENTITY/B_Reg.vhd Line: 15
Info (10041): Inferred latch for "result[1]" at B_Reg.vhd(15) File: /home/margav/Desktop/sem 4/cs232/project/TOP_ENTITY/B_Reg.vhd Line: 15
Info (10041): Inferred latch for "result[2]" at B_Reg.vhd(15) File: /home/margav/Desktop/sem 4/cs232/project/TOP_ENTITY/B_Reg.vhd Line: 15
Info (10041): Inferred latch for "result[3]" at B_Reg.vhd(15) File: /home/margav/Desktop/sem 4/cs232/project/TOP_ENTITY/B_Reg.vhd Line: 15
Info (10041): Inferred latch for "result[4]" at B_Reg.vhd(15) File: /home/margav/Desktop/sem 4/cs232/project/TOP_ENTITY/B_Reg.vhd Line: 15
Info (10041): Inferred latch for "result[5]" at B_Reg.vhd(15) File: /home/margav/Desktop/sem 4/cs232/project/TOP_ENTITY/B_Reg.vhd Line: 15
Info (10041): Inferred latch for "result[6]" at B_Reg.vhd(15) File: /home/margav/Desktop/sem 4/cs232/project/TOP_ENTITY/B_Reg.vhd Line: 15
Info (10041): Inferred latch for "result[7]" at B_Reg.vhd(15) File: /home/margav/Desktop/sem 4/cs232/project/TOP_ENTITY/B_Reg.vhd Line: 15
Info (10041): Inferred latch for "result[8]" at B_Reg.vhd(15) File: /home/margav/Desktop/sem 4/cs232/project/TOP_ENTITY/B_Reg.vhd Line: 15
Info (10041): Inferred latch for "result[9]" at B_Reg.vhd(15) File: /home/margav/Desktop/sem 4/cs232/project/TOP_ENTITY/B_Reg.vhd Line: 15
Info (10041): Inferred latch for "result[10]" at B_Reg.vhd(15) File: /home/margav/Desktop/sem 4/cs232/project/TOP_ENTITY/B_Reg.vhd Line: 15
Info (10041): Inferred latch for "result[11]" at B_Reg.vhd(15) File: /home/margav/Desktop/sem 4/cs232/project/TOP_ENTITY/B_Reg.vhd Line: 15
Info (10041): Inferred latch for "result[12]" at B_Reg.vhd(15) File: /home/margav/Desktop/sem 4/cs232/project/TOP_ENTITY/B_Reg.vhd Line: 15
Info (10041): Inferred latch for "result[13]" at B_Reg.vhd(15) File: /home/margav/Desktop/sem 4/cs232/project/TOP_ENTITY/B_Reg.vhd Line: 15
Info (10041): Inferred latch for "result[14]" at B_Reg.vhd(15) File: /home/margav/Desktop/sem 4/cs232/project/TOP_ENTITY/B_Reg.vhd Line: 15
Info (10041): Inferred latch for "result[15]" at B_Reg.vhd(15) File: /home/margav/Desktop/sem 4/cs232/project/TOP_ENTITY/B_Reg.vhd Line: 15
Warning (12125): Using design file pc.vhd, which is not specified as a design file for the current project, but contains definitions for 2 design units and 1 entities in project
    Info (12022): Found design unit 1: pc-pc_arc File: /home/margav/Desktop/sem 4/cs232/project/TOP_ENTITY/pc.vhd Line: 11
    Info (12023): Found entity 1: pc File: /home/margav/Desktop/sem 4/cs232/project/TOP_ENTITY/pc.vhd Line: 5
Info (12128): Elaborating entity "pc" for hierarchy "pc:PC_REG" File: /home/margav/Desktop/sem 4/cs232/project/TOP_ENTITY/Top_entity.vhd Line: 273
Warning (10631): VHDL Process Statement warning at pc.vhd(15): inferring latch(es) for signal or variable "result", which holds its previous value in one or more paths through the process File: /home/margav/Desktop/sem 4/cs232/project/TOP_ENTITY/pc.vhd Line: 15
Info (10041): Inferred latch for "result[0]" at pc.vhd(15) File: /home/margav/Desktop/sem 4/cs232/project/TOP_ENTITY/pc.vhd Line: 15
Info (10041): Inferred latch for "result[1]" at pc.vhd(15) File: /home/margav/Desktop/sem 4/cs232/project/TOP_ENTITY/pc.vhd Line: 15
Info (10041): Inferred latch for "result[2]" at pc.vhd(15) File: /home/margav/Desktop/sem 4/cs232/project/TOP_ENTITY/pc.vhd Line: 15
Info (10041): Inferred latch for "result[3]" at pc.vhd(15) File: /home/margav/Desktop/sem 4/cs232/project/TOP_ENTITY/pc.vhd Line: 15
Info (10041): Inferred latch for "result[4]" at pc.vhd(15) File: /home/margav/Desktop/sem 4/cs232/project/TOP_ENTITY/pc.vhd Line: 15
Info (10041): Inferred latch for "result[5]" at pc.vhd(15) File: /home/margav/Desktop/sem 4/cs232/project/TOP_ENTITY/pc.vhd Line: 15
Info (10041): Inferred latch for "result[6]" at pc.vhd(15) File: /home/margav/Desktop/sem 4/cs232/project/TOP_ENTITY/pc.vhd Line: 15
Info (10041): Inferred latch for "result[7]" at pc.vhd(15) File: /home/margav/Desktop/sem 4/cs232/project/TOP_ENTITY/pc.vhd Line: 15
Info (10041): Inferred latch for "result[8]" at pc.vhd(15) File: /home/margav/Desktop/sem 4/cs232/project/TOP_ENTITY/pc.vhd Line: 15
Info (10041): Inferred latch for "result[9]" at pc.vhd(15) File: /home/margav/Desktop/sem 4/cs232/project/TOP_ENTITY/pc.vhd Line: 15
Info (10041): Inferred latch for "result[10]" at pc.vhd(15) File: /home/margav/Desktop/sem 4/cs232/project/TOP_ENTITY/pc.vhd Line: 15
Info (10041): Inferred latch for "result[11]" at pc.vhd(15) File: /home/margav/Desktop/sem 4/cs232/project/TOP_ENTITY/pc.vhd Line: 15
Info (10041): Inferred latch for "result[12]" at pc.vhd(15) File: /home/margav/Desktop/sem 4/cs232/project/TOP_ENTITY/pc.vhd Line: 15
Info (10041): Inferred latch for "result[13]" at pc.vhd(15) File: /home/margav/Desktop/sem 4/cs232/project/TOP_ENTITY/pc.vhd Line: 15
Info (10041): Inferred latch for "result[14]" at pc.vhd(15) File: /home/margav/Desktop/sem 4/cs232/project/TOP_ENTITY/pc.vhd Line: 15
Info (10041): Inferred latch for "result[15]" at pc.vhd(15) File: /home/margav/Desktop/sem 4/cs232/project/TOP_ENTITY/pc.vhd Line: 15
Warning (12125): Using design file ALU_control.vhd, which is not specified as a design file for the current project, but contains definitions for 2 design units and 1 entities in project
    Info (12022): Found design unit 1: ALU_control-ALU_control_arc File: /home/margav/Desktop/sem 4/cs232/project/TOP_ENTITY/ALU_control.vhd Line: 10
    Info (12023): Found entity 1: ALU_control File: /home/margav/Desktop/sem 4/cs232/project/TOP_ENTITY/ALU_control.vhd Line: 4
Info (12128): Elaborating entity "ALU_control" for hierarchy "ALU_control:ALU_CTRL" File: /home/margav/Desktop/sem 4/cs232/project/TOP_ENTITY/Top_entity.vhd Line: 276
Warning (12125): Using design file ALU_Reg.vhd, which is not specified as a design file for the current project, but contains definitions for 2 design units and 1 entities in project
    Info (12022): Found design unit 1: ALU_Reg-ALU_Reg_arc File: /home/margav/Desktop/sem 4/cs232/project/TOP_ENTITY/ALU_Reg.vhd Line: 11
    Info (12023): Found entity 1: ALU_Reg File: /home/margav/Desktop/sem 4/cs232/project/TOP_ENTITY/ALU_Reg.vhd Line: 5
Info (12128): Elaborating entity "ALU_Reg" for hierarchy "ALU_Reg:ALU_REG1" File: /home/margav/Desktop/sem 4/cs232/project/TOP_ENTITY/Top_entity.vhd Line: 279
Warning (10631): VHDL Process Statement warning at ALU_Reg.vhd(15): inferring latch(es) for signal or variable "result", which holds its previous value in one or more paths through the process File: /home/margav/Desktop/sem 4/cs232/project/TOP_ENTITY/ALU_Reg.vhd Line: 15
Info (10041): Inferred latch for "result[0]" at ALU_Reg.vhd(15) File: /home/margav/Desktop/sem 4/cs232/project/TOP_ENTITY/ALU_Reg.vhd Line: 15
Info (10041): Inferred latch for "result[1]" at ALU_Reg.vhd(15) File: /home/margav/Desktop/sem 4/cs232/project/TOP_ENTITY/ALU_Reg.vhd Line: 15
Info (10041): Inferred latch for "result[2]" at ALU_Reg.vhd(15) File: /home/margav/Desktop/sem 4/cs232/project/TOP_ENTITY/ALU_Reg.vhd Line: 15
Info (10041): Inferred latch for "result[3]" at ALU_Reg.vhd(15) File: /home/margav/Desktop/sem 4/cs232/project/TOP_ENTITY/ALU_Reg.vhd Line: 15
Info (10041): Inferred latch for "result[4]" at ALU_Reg.vhd(15) File: /home/margav/Desktop/sem 4/cs232/project/TOP_ENTITY/ALU_Reg.vhd Line: 15
Info (10041): Inferred latch for "result[5]" at ALU_Reg.vhd(15) File: /home/margav/Desktop/sem 4/cs232/project/TOP_ENTITY/ALU_Reg.vhd Line: 15
Info (10041): Inferred latch for "result[6]" at ALU_Reg.vhd(15) File: /home/margav/Desktop/sem 4/cs232/project/TOP_ENTITY/ALU_Reg.vhd Line: 15
Info (10041): Inferred latch for "result[7]" at ALU_Reg.vhd(15) File: /home/margav/Desktop/sem 4/cs232/project/TOP_ENTITY/ALU_Reg.vhd Line: 15
Info (10041): Inferred latch for "result[8]" at ALU_Reg.vhd(15) File: /home/margav/Desktop/sem 4/cs232/project/TOP_ENTITY/ALU_Reg.vhd Line: 15
Info (10041): Inferred latch for "result[9]" at ALU_Reg.vhd(15) File: /home/margav/Desktop/sem 4/cs232/project/TOP_ENTITY/ALU_Reg.vhd Line: 15
Info (10041): Inferred latch for "result[10]" at ALU_Reg.vhd(15) File: /home/margav/Desktop/sem 4/cs232/project/TOP_ENTITY/ALU_Reg.vhd Line: 15
Info (10041): Inferred latch for "result[11]" at ALU_Reg.vhd(15) File: /home/margav/Desktop/sem 4/cs232/project/TOP_ENTITY/ALU_Reg.vhd Line: 15
Info (10041): Inferred latch for "result[12]" at ALU_Reg.vhd(15) File: /home/margav/Desktop/sem 4/cs232/project/TOP_ENTITY/ALU_Reg.vhd Line: 15
Info (10041): Inferred latch for "result[13]" at ALU_Reg.vhd(15) File: /home/margav/Desktop/sem 4/cs232/project/TOP_ENTITY/ALU_Reg.vhd Line: 15
Info (10041): Inferred latch for "result[14]" at ALU_Reg.vhd(15) File: /home/margav/Desktop/sem 4/cs232/project/TOP_ENTITY/ALU_Reg.vhd Line: 15
Info (10041): Inferred latch for "result[15]" at ALU_Reg.vhd(15) File: /home/margav/Desktop/sem 4/cs232/project/TOP_ENTITY/ALU_Reg.vhd Line: 15
Warning (12125): Using design file ALU.vhd, which is not specified as a design file for the current project, but contains definitions for 2 design units and 1 entities in project
    Info (12022): Found design unit 1: ALU-ALU_arct File: /home/margav/Desktop/sem 4/cs232/project/TOP_ENTITY/ALU.vhd Line: 17
    Info (12023): Found entity 1: ALU File: /home/margav/Desktop/sem 4/cs232/project/TOP_ENTITY/ALU.vhd Line: 7
Info (12128): Elaborating entity "ALU" for hierarchy "ALU:ALU1" File: /home/margav/Desktop/sem 4/cs232/project/TOP_ENTITY/Top_entity.vhd Line: 282
Warning (10492): VHDL Process Statement warning at ALU.vhd(47): signal "Cout" is read inside the Process Statement but isn't in the Process Statement's sensitivity list File: /home/margav/Desktop/sem 4/cs232/project/TOP_ENTITY/ALU.vhd Line: 47
Warning (12125): Using design file ADD.vhd, which is not specified as a design file for the current project, but contains definitions for 6 design units and 3 entities in project
    Info (12022): Found design unit 1: ADD-ADD_arc File: /home/margav/Desktop/sem 4/cs232/project/TOP_ENTITY/ADD.vhd Line: 15
    Info (12022): Found design unit 2: full_adder-full_adder_arc File: /home/margav/Desktop/sem 4/cs232/project/TOP_ENTITY/ADD.vhd Line: 82
    Info (12022): Found design unit 3: ADD_4bit-ADD_4bit_arc File: /home/margav/Desktop/sem 4/cs232/project/TOP_ENTITY/ADD.vhd Line: 105
    Info (12023): Found entity 1: ADD File: /home/margav/Desktop/sem 4/cs232/project/TOP_ENTITY/ADD.vhd Line: 5
    Info (12023): Found entity 2: full_adder File: /home/margav/Desktop/sem 4/cs232/project/TOP_ENTITY/ADD.vhd Line: 72
    Info (12023): Found entity 3: ADD_4bit File: /home/margav/Desktop/sem 4/cs232/project/TOP_ENTITY/ADD.vhd Line: 95
Info (12128): Elaborating entity "ADD" for hierarchy "ALU:ALU1|ADD:ADD_SUB1" File: /home/margav/Desktop/sem 4/cs232/project/TOP_ENTITY/ALU.vhd Line: 37
Info (12128): Elaborating entity "ADD_4bit" for hierarchy "ALU:ALU1|ADD:ADD_SUB1|ADD_4bit:ADD_4bit0" File: /home/margav/Desktop/sem 4/cs232/project/TOP_ENTITY/ADD.vhd Line: 30
Info (12128): Elaborating entity "full_adder" for hierarchy "ALU:ALU1|ADD:ADD_SUB1|ADD_4bit:ADD_4bit0|full_adder:full_adder0" File: /home/margav/Desktop/sem 4/cs232/project/TOP_ENTITY/ADD.vhd Line: 120
Warning (12125): Using design file left_shift.vhd, which is not specified as a design file for the current project, but contains definitions for 2 design units and 1 entities in project
    Info (12022): Found design unit 1: left_shift-shift File: /home/margav/Desktop/sem 4/cs232/project/TOP_ENTITY/left_shift.vhd Line: 12
    Info (12023): Found entity 1: left_shift File: /home/margav/Desktop/sem 4/cs232/project/TOP_ENTITY/left_shift.vhd Line: 6
Info (12128): Elaborating entity "left_shift" for hierarchy "left_shift:LS" File: /home/margav/Desktop/sem 4/cs232/project/TOP_ENTITY/Top_entity.vhd Line: 285
Warning (12125): Using design file Shift_left7.vhd, which is not specified as a design file for the current project, but contains definitions for 2 design units and 1 entities in project
    Info (12022): Found design unit 1: Shift_left7-Shift_left7_arc File: /home/margav/Desktop/sem 4/cs232/project/TOP_ENTITY/Shift_left7.vhd Line: 10
    Info (12023): Found entity 1: Shift_left7 File: /home/margav/Desktop/sem 4/cs232/project/TOP_ENTITY/Shift_left7.vhd Line: 5
Info (12128): Elaborating entity "Shift_left7" for hierarchy "Shift_left7:LS7" File: /home/margav/Desktop/sem 4/cs232/project/TOP_ENTITY/Top_entity.vhd Line: 288
Warning (12125): Using design file Sign_extend.vhd, which is not specified as a design file for the current project, but contains definitions for 2 design units and 1 entities in project
    Info (12022): Found design unit 1: Sign_extend-Sign_extend_arc File: /home/margav/Desktop/sem 4/cs232/project/TOP_ENTITY/Sign_extend.vhd Line: 11
    Info (12023): Found entity 1: Sign_extend File: /home/margav/Desktop/sem 4/cs232/project/TOP_ENTITY/Sign_extend.vhd Line: 5
Info (12128): Elaborating entity "Sign_extend" for hierarchy "Sign_extend:SIGN_EXTD" File: /home/margav/Desktop/sem 4/cs232/project/TOP_ENTITY/Top_entity.vhd Line: 291
Warning (12125): Using design file LMSM_reg.vhd, which is not specified as a design file for the current project, but contains definitions for 2 design units and 1 entities in project
    Info (12022): Found design unit 1: LMSM_reg-LMSM_reg_arc File: /home/margav/Desktop/sem 4/cs232/project/TOP_ENTITY/LMSM_reg.vhd Line: 14
    Info (12023): Found entity 1: LMSM_reg File: /home/margav/Desktop/sem 4/cs232/project/TOP_ENTITY/LMSM_reg.vhd Line: 6
Info (12128): Elaborating entity "LMSM_reg" for hierarchy "LMSM_reg:LMSM_REG1" File: /home/margav/Desktop/sem 4/cs232/project/TOP_ENTITY/Top_entity.vhd Line: 294
Warning (10492): VHDL Process Statement warning at LMSM_reg.vhd(28): signal "Reg" is read inside the Process Statement but isn't in the Process Statement's sensitivity list File: /home/margav/Desktop/sem 4/cs232/project/TOP_ENTITY/LMSM_reg.vhd Line: 28
Warning (10492): VHDL Process Statement warning at LMSM_reg.vhd(30): signal "Mem" is read inside the Process Statement but isn't in the Process Statement's sensitivity list File: /home/margav/Desktop/sem 4/cs232/project/TOP_ENTITY/LMSM_reg.vhd Line: 30
Warning (10492): VHDL Process Statement warning at LMSM_reg.vhd(32): signal "Mem2" is read inside the Process Statement but isn't in the Process Statement's sensitivity list File: /home/margav/Desktop/sem 4/cs232/project/TOP_ENTITY/LMSM_reg.vhd Line: 32
Warning (10492): VHDL Process Statement warning at LMSM_reg.vhd(33): signal "Reg2" is read inside the Process Statement but isn't in the Process Statement's sensitivity list File: /home/margav/Desktop/sem 4/cs232/project/TOP_ENTITY/LMSM_reg.vhd Line: 33
Warning (10631): VHDL Process Statement warning at LMSM_reg.vhd(22): inferring latch(es) for signal or variable "Reg", which holds its previous value in one or more paths through the process File: /home/margav/Desktop/sem 4/cs232/project/TOP_ENTITY/LMSM_reg.vhd Line: 22
Warning (10631): VHDL Process Statement warning at LMSM_reg.vhd(22): inferring latch(es) for signal or variable "Mem", which holds its previous value in one or more paths through the process File: /home/margav/Desktop/sem 4/cs232/project/TOP_ENTITY/LMSM_reg.vhd Line: 22
Warning (10631): VHDL Process Statement warning at LMSM_reg.vhd(22): inferring latch(es) for signal or variable "Reg2", which holds its previous value in one or more paths through the process File: /home/margav/Desktop/sem 4/cs232/project/TOP_ENTITY/LMSM_reg.vhd Line: 22
Warning (10631): VHDL Process Statement warning at LMSM_reg.vhd(22): inferring latch(es) for signal or variable "Mem2", which holds its previous value in one or more paths through the process File: /home/margav/Desktop/sem 4/cs232/project/TOP_ENTITY/LMSM_reg.vhd Line: 22
Info (10041): Inferred latch for "Mem2[0]" at LMSM_reg.vhd(22) File: /home/margav/Desktop/sem 4/cs232/project/TOP_ENTITY/LMSM_reg.vhd Line: 22
Info (10041): Inferred latch for "Mem2[1]" at LMSM_reg.vhd(22) File: /home/margav/Desktop/sem 4/cs232/project/TOP_ENTITY/LMSM_reg.vhd Line: 22
Info (10041): Inferred latch for "Mem2[2]" at LMSM_reg.vhd(22) File: /home/margav/Desktop/sem 4/cs232/project/TOP_ENTITY/LMSM_reg.vhd Line: 22
Info (10041): Inferred latch for "Mem2[3]" at LMSM_reg.vhd(22) File: /home/margav/Desktop/sem 4/cs232/project/TOP_ENTITY/LMSM_reg.vhd Line: 22
Info (10041): Inferred latch for "Mem2[4]" at LMSM_reg.vhd(22) File: /home/margav/Desktop/sem 4/cs232/project/TOP_ENTITY/LMSM_reg.vhd Line: 22
Info (10041): Inferred latch for "Mem2[5]" at LMSM_reg.vhd(22) File: /home/margav/Desktop/sem 4/cs232/project/TOP_ENTITY/LMSM_reg.vhd Line: 22
Info (10041): Inferred latch for "Mem2[6]" at LMSM_reg.vhd(22) File: /home/margav/Desktop/sem 4/cs232/project/TOP_ENTITY/LMSM_reg.vhd Line: 22
Info (10041): Inferred latch for "Mem2[7]" at LMSM_reg.vhd(22) File: /home/margav/Desktop/sem 4/cs232/project/TOP_ENTITY/LMSM_reg.vhd Line: 22
Info (10041): Inferred latch for "Mem2[8]" at LMSM_reg.vhd(22) File: /home/margav/Desktop/sem 4/cs232/project/TOP_ENTITY/LMSM_reg.vhd Line: 22
Info (10041): Inferred latch for "Mem2[9]" at LMSM_reg.vhd(22) File: /home/margav/Desktop/sem 4/cs232/project/TOP_ENTITY/LMSM_reg.vhd Line: 22
Info (10041): Inferred latch for "Mem2[10]" at LMSM_reg.vhd(22) File: /home/margav/Desktop/sem 4/cs232/project/TOP_ENTITY/LMSM_reg.vhd Line: 22
Info (10041): Inferred latch for "Mem2[11]" at LMSM_reg.vhd(22) File: /home/margav/Desktop/sem 4/cs232/project/TOP_ENTITY/LMSM_reg.vhd Line: 22
Info (10041): Inferred latch for "Mem2[12]" at LMSM_reg.vhd(22) File: /home/margav/Desktop/sem 4/cs232/project/TOP_ENTITY/LMSM_reg.vhd Line: 22
Info (10041): Inferred latch for "Mem2[13]" at LMSM_reg.vhd(22) File: /home/margav/Desktop/sem 4/cs232/project/TOP_ENTITY/LMSM_reg.vhd Line: 22
Info (10041): Inferred latch for "Mem2[14]" at LMSM_reg.vhd(22) File: /home/margav/Desktop/sem 4/cs232/project/TOP_ENTITY/LMSM_reg.vhd Line: 22
Info (10041): Inferred latch for "Mem2[15]" at LMSM_reg.vhd(22) File: /home/margav/Desktop/sem 4/cs232/project/TOP_ENTITY/LMSM_reg.vhd Line: 22
Info (10041): Inferred latch for "Reg2[0]" at LMSM_reg.vhd(22) File: /home/margav/Desktop/sem 4/cs232/project/TOP_ENTITY/LMSM_reg.vhd Line: 22
Info (10041): Inferred latch for "Reg2[1]" at LMSM_reg.vhd(22) File: /home/margav/Desktop/sem 4/cs232/project/TOP_ENTITY/LMSM_reg.vhd Line: 22
Info (10041): Inferred latch for "Reg2[2]" at LMSM_reg.vhd(22) File: /home/margav/Desktop/sem 4/cs232/project/TOP_ENTITY/LMSM_reg.vhd Line: 22
Info (10041): Inferred latch for "Mem[0]" at LMSM_reg.vhd(22) File: /home/margav/Desktop/sem 4/cs232/project/TOP_ENTITY/LMSM_reg.vhd Line: 22
Info (10041): Inferred latch for "Mem[1]" at LMSM_reg.vhd(22) File: /home/margav/Desktop/sem 4/cs232/project/TOP_ENTITY/LMSM_reg.vhd Line: 22
Info (10041): Inferred latch for "Mem[2]" at LMSM_reg.vhd(22) File: /home/margav/Desktop/sem 4/cs232/project/TOP_ENTITY/LMSM_reg.vhd Line: 22
Info (10041): Inferred latch for "Mem[3]" at LMSM_reg.vhd(22) File: /home/margav/Desktop/sem 4/cs232/project/TOP_ENTITY/LMSM_reg.vhd Line: 22
Info (10041): Inferred latch for "Mem[4]" at LMSM_reg.vhd(22) File: /home/margav/Desktop/sem 4/cs232/project/TOP_ENTITY/LMSM_reg.vhd Line: 22
Info (10041): Inferred latch for "Mem[5]" at LMSM_reg.vhd(22) File: /home/margav/Desktop/sem 4/cs232/project/TOP_ENTITY/LMSM_reg.vhd Line: 22
Info (10041): Inferred latch for "Mem[6]" at LMSM_reg.vhd(22) File: /home/margav/Desktop/sem 4/cs232/project/TOP_ENTITY/LMSM_reg.vhd Line: 22
Info (10041): Inferred latch for "Mem[7]" at LMSM_reg.vhd(22) File: /home/margav/Desktop/sem 4/cs232/project/TOP_ENTITY/LMSM_reg.vhd Line: 22
Info (10041): Inferred latch for "Mem[8]" at LMSM_reg.vhd(22) File: /home/margav/Desktop/sem 4/cs232/project/TOP_ENTITY/LMSM_reg.vhd Line: 22
Info (10041): Inferred latch for "Mem[9]" at LMSM_reg.vhd(22) File: /home/margav/Desktop/sem 4/cs232/project/TOP_ENTITY/LMSM_reg.vhd Line: 22
Info (10041): Inferred latch for "Mem[10]" at LMSM_reg.vhd(22) File: /home/margav/Desktop/sem 4/cs232/project/TOP_ENTITY/LMSM_reg.vhd Line: 22
Info (10041): Inferred latch for "Mem[11]" at LMSM_reg.vhd(22) File: /home/margav/Desktop/sem 4/cs232/project/TOP_ENTITY/LMSM_reg.vhd Line: 22
Info (10041): Inferred latch for "Mem[12]" at LMSM_reg.vhd(22) File: /home/margav/Desktop/sem 4/cs232/project/TOP_ENTITY/LMSM_reg.vhd Line: 22
Info (10041): Inferred latch for "Mem[13]" at LMSM_reg.vhd(22) File: /home/margav/Desktop/sem 4/cs232/project/TOP_ENTITY/LMSM_reg.vhd Line: 22
Info (10041): Inferred latch for "Mem[14]" at LMSM_reg.vhd(22) File: /home/margav/Desktop/sem 4/cs232/project/TOP_ENTITY/LMSM_reg.vhd Line: 22
Info (10041): Inferred latch for "Mem[15]" at LMSM_reg.vhd(22) File: /home/margav/Desktop/sem 4/cs232/project/TOP_ENTITY/LMSM_reg.vhd Line: 22
Info (10041): Inferred latch for "Reg[0]" at LMSM_reg.vhd(22) File: /home/margav/Desktop/sem 4/cs232/project/TOP_ENTITY/LMSM_reg.vhd Line: 22
Info (10041): Inferred latch for "Reg[1]" at LMSM_reg.vhd(22) File: /home/margav/Desktop/sem 4/cs232/project/TOP_ENTITY/LMSM_reg.vhd Line: 22
Info (10041): Inferred latch for "Reg[2]" at LMSM_reg.vhd(22) File: /home/margav/Desktop/sem 4/cs232/project/TOP_ENTITY/LMSM_reg.vhd Line: 22
Warning (12125): Using design file MDR.vhd, which is not specified as a design file for the current project, but contains definitions for 2 design units and 1 entities in project
    Info (12022): Found design unit 1: MDR-MDR_arc File: /home/margav/Desktop/sem 4/cs232/project/TOP_ENTITY/MDR.vhd Line: 11
    Info (12023): Found entity 1: MDR File: /home/margav/Desktop/sem 4/cs232/project/TOP_ENTITY/MDR.vhd Line: 5
Info (12128): Elaborating entity "MDR" for hierarchy "MDR:MDR1" File: /home/margav/Desktop/sem 4/cs232/project/TOP_ENTITY/Top_entity.vhd Line: 297
Warning (10631): VHDL Process Statement warning at MDR.vhd(15): inferring latch(es) for signal or variable "result", which holds its previous value in one or more paths through the process File: /home/margav/Desktop/sem 4/cs232/project/TOP_ENTITY/MDR.vhd Line: 15
Info (10041): Inferred latch for "result[0]" at MDR.vhd(15) File: /home/margav/Desktop/sem 4/cs232/project/TOP_ENTITY/MDR.vhd Line: 15
Info (10041): Inferred latch for "result[1]" at MDR.vhd(15) File: /home/margav/Desktop/sem 4/cs232/project/TOP_ENTITY/MDR.vhd Line: 15
Info (10041): Inferred latch for "result[2]" at MDR.vhd(15) File: /home/margav/Desktop/sem 4/cs232/project/TOP_ENTITY/MDR.vhd Line: 15
Info (10041): Inferred latch for "result[3]" at MDR.vhd(15) File: /home/margav/Desktop/sem 4/cs232/project/TOP_ENTITY/MDR.vhd Line: 15
Info (10041): Inferred latch for "result[4]" at MDR.vhd(15) File: /home/margav/Desktop/sem 4/cs232/project/TOP_ENTITY/MDR.vhd Line: 15
Info (10041): Inferred latch for "result[5]" at MDR.vhd(15) File: /home/margav/Desktop/sem 4/cs232/project/TOP_ENTITY/MDR.vhd Line: 15
Info (10041): Inferred latch for "result[6]" at MDR.vhd(15) File: /home/margav/Desktop/sem 4/cs232/project/TOP_ENTITY/MDR.vhd Line: 15
Info (10041): Inferred latch for "result[7]" at MDR.vhd(15) File: /home/margav/Desktop/sem 4/cs232/project/TOP_ENTITY/MDR.vhd Line: 15
Info (10041): Inferred latch for "result[8]" at MDR.vhd(15) File: /home/margav/Desktop/sem 4/cs232/project/TOP_ENTITY/MDR.vhd Line: 15
Info (10041): Inferred latch for "result[9]" at MDR.vhd(15) File: /home/margav/Desktop/sem 4/cs232/project/TOP_ENTITY/MDR.vhd Line: 15
Info (10041): Inferred latch for "result[10]" at MDR.vhd(15) File: /home/margav/Desktop/sem 4/cs232/project/TOP_ENTITY/MDR.vhd Line: 15
Info (10041): Inferred latch for "result[11]" at MDR.vhd(15) File: /home/margav/Desktop/sem 4/cs232/project/TOP_ENTITY/MDR.vhd Line: 15
Info (10041): Inferred latch for "result[12]" at MDR.vhd(15) File: /home/margav/Desktop/sem 4/cs232/project/TOP_ENTITY/MDR.vhd Line: 15
Info (10041): Inferred latch for "result[13]" at MDR.vhd(15) File: /home/margav/Desktop/sem 4/cs232/project/TOP_ENTITY/MDR.vhd Line: 15
Info (10041): Inferred latch for "result[14]" at MDR.vhd(15) File: /home/margav/Desktop/sem 4/cs232/project/TOP_ENTITY/MDR.vhd Line: 15
Info (10041): Inferred latch for "result[15]" at MDR.vhd(15) File: /home/margav/Desktop/sem 4/cs232/project/TOP_ENTITY/MDR.vhd Line: 15
Warning (12125): Using design file Memory.vhd, which is not specified as a design file for the current project, but contains definitions for 2 design units and 1 entities in project
    Info (12022): Found design unit 1: Memory-Memory_arc File: /home/margav/Desktop/sem 4/cs232/project/TOP_ENTITY/Memory.vhd Line: 12
    Info (12023): Found entity 1: Memory File: /home/margav/Desktop/sem 4/cs232/project/TOP_ENTITY/Memory.vhd Line: 5
Info (12128): Elaborating entity "Memory" for hierarchy "Memory:MEMORY1" File: /home/margav/Desktop/sem 4/cs232/project/TOP_ENTITY/Top_entity.vhd Line: 300
Warning (12125): Using design file Register_File.vhd, which is not specified as a design file for the current project, but contains definitions for 2 design units and 1 entities in project
    Info (12022): Found design unit 1: Register_File-Register_File_arc File: /home/margav/Desktop/sem 4/cs232/project/TOP_ENTITY/Register_File.vhd Line: 12
    Info (12023): Found entity 1: Register_File File: /home/margav/Desktop/sem 4/cs232/project/TOP_ENTITY/Register_File.vhd Line: 5
Info (12128): Elaborating entity "Register_File" for hierarchy "Register_File:RF" File: /home/margav/Desktop/sem 4/cs232/project/TOP_ENTITY/Top_entity.vhd Line: 303
Warning (10492): VHDL Process Statement warning at Register_File.vhd(22): signal "A3" is read inside the Process Statement but isn't in the Process Statement's sensitivity list File: /home/margav/Desktop/sem 4/cs232/project/TOP_ENTITY/Register_File.vhd Line: 22
Warning (12125): Using design file mux_before_ALUA.vhd, which is not specified as a design file for the current project, but contains definitions for 2 design units and 1 entities in project
    Info (12022): Found design unit 1: mux_before_ALUA-mux_before_ALUA_arc File: /home/margav/Desktop/sem 4/cs232/project/TOP_ENTITY/mux_before_ALUA.vhd Line: 13
    Info (12023): Found entity 1: mux_before_ALUA File: /home/margav/Desktop/sem 4/cs232/project/TOP_ENTITY/mux_before_ALUA.vhd Line: 5
Info (12128): Elaborating entity "mux_before_ALUA" for hierarchy "mux_before_ALUA:MUX_ALUA" File: /home/margav/Desktop/sem 4/cs232/project/TOP_ENTITY/Top_entity.vhd Line: 306
Warning (10631): VHDL Process Statement warning at mux_before_ALUA.vhd(15): inferring latch(es) for signal or variable "output", which holds its previous value in one or more paths through the process File: /home/margav/Desktop/sem 4/cs232/project/TOP_ENTITY/mux_before_ALUA.vhd Line: 15
Info (10041): Inferred latch for "output[0]" at mux_before_ALUA.vhd(15) File: /home/margav/Desktop/sem 4/cs232/project/TOP_ENTITY/mux_before_ALUA.vhd Line: 15
Info (10041): Inferred latch for "output[1]" at mux_before_ALUA.vhd(15) File: /home/margav/Desktop/sem 4/cs232/project/TOP_ENTITY/mux_before_ALUA.vhd Line: 15
Info (10041): Inferred latch for "output[2]" at mux_before_ALUA.vhd(15) File: /home/margav/Desktop/sem 4/cs232/project/TOP_ENTITY/mux_before_ALUA.vhd Line: 15
Info (10041): Inferred latch for "output[3]" at mux_before_ALUA.vhd(15) File: /home/margav/Desktop/sem 4/cs232/project/TOP_ENTITY/mux_before_ALUA.vhd Line: 15
Info (10041): Inferred latch for "output[4]" at mux_before_ALUA.vhd(15) File: /home/margav/Desktop/sem 4/cs232/project/TOP_ENTITY/mux_before_ALUA.vhd Line: 15
Info (10041): Inferred latch for "output[5]" at mux_before_ALUA.vhd(15) File: /home/margav/Desktop/sem 4/cs232/project/TOP_ENTITY/mux_before_ALUA.vhd Line: 15
Info (10041): Inferred latch for "output[6]" at mux_before_ALUA.vhd(15) File: /home/margav/Desktop/sem 4/cs232/project/TOP_ENTITY/mux_before_ALUA.vhd Line: 15
Info (10041): Inferred latch for "output[7]" at mux_before_ALUA.vhd(15) File: /home/margav/Desktop/sem 4/cs232/project/TOP_ENTITY/mux_before_ALUA.vhd Line: 15
Info (10041): Inferred latch for "output[8]" at mux_before_ALUA.vhd(15) File: /home/margav/Desktop/sem 4/cs232/project/TOP_ENTITY/mux_before_ALUA.vhd Line: 15
Info (10041): Inferred latch for "output[9]" at mux_before_ALUA.vhd(15) File: /home/margav/Desktop/sem 4/cs232/project/TOP_ENTITY/mux_before_ALUA.vhd Line: 15
Info (10041): Inferred latch for "output[10]" at mux_before_ALUA.vhd(15) File: /home/margav/Desktop/sem 4/cs232/project/TOP_ENTITY/mux_before_ALUA.vhd Line: 15
Info (10041): Inferred latch for "output[11]" at mux_before_ALUA.vhd(15) File: /home/margav/Desktop/sem 4/cs232/project/TOP_ENTITY/mux_before_ALUA.vhd Line: 15
Info (10041): Inferred latch for "output[12]" at mux_before_ALUA.vhd(15) File: /home/margav/Desktop/sem 4/cs232/project/TOP_ENTITY/mux_before_ALUA.vhd Line: 15
Info (10041): Inferred latch for "output[13]" at mux_before_ALUA.vhd(15) File: /home/margav/Desktop/sem 4/cs232/project/TOP_ENTITY/mux_before_ALUA.vhd Line: 15
Info (10041): Inferred latch for "output[14]" at mux_before_ALUA.vhd(15) File: /home/margav/Desktop/sem 4/cs232/project/TOP_ENTITY/mux_before_ALUA.vhd Line: 15
Info (10041): Inferred latch for "output[15]" at mux_before_ALUA.vhd(15) File: /home/margav/Desktop/sem 4/cs232/project/TOP_ENTITY/mux_before_ALUA.vhd Line: 15
Warning (12125): Using design file mux_before_ALUB.vhd, which is not specified as a design file for the current project, but contains definitions for 2 design units and 1 entities in project
    Info (12022): Found design unit 1: mux_before_ALUB-mux_before_ALUB_arc File: /home/margav/Desktop/sem 4/cs232/project/TOP_ENTITY/mux_before_ALUB.vhd Line: 13
    Info (12023): Found entity 1: mux_before_ALUB File: /home/margav/Desktop/sem 4/cs232/project/TOP_ENTITY/mux_before_ALUB.vhd Line: 5
Info (12128): Elaborating entity "mux_before_ALUB" for hierarchy "mux_before_ALUB:MUX_ALUB" File: /home/margav/Desktop/sem 4/cs232/project/TOP_ENTITY/Top_entity.vhd Line: 309
Warning (12125): Using design file mux_before_MEMA1.vhd, which is not specified as a design file for the current project, but contains definitions for 2 design units and 1 entities in project
    Info (12022): Found design unit 1: mux_before_MEMA1-mux_before_MEMA1_arc File: /home/margav/Desktop/sem 4/cs232/project/TOP_ENTITY/mux_before_MEMA1.vhd Line: 14
    Info (12023): Found entity 1: mux_before_MEMA1 File: /home/margav/Desktop/sem 4/cs232/project/TOP_ENTITY/mux_before_MEMA1.vhd Line: 5
Info (12128): Elaborating entity "mux_before_MEMA1" for hierarchy "mux_before_MEMA1:MUX_MEMA1" File: /home/margav/Desktop/sem 4/cs232/project/TOP_ENTITY/Top_entity.vhd Line: 312
Warning (10492): VHDL Process Statement warning at mux_before_MEMA1.vhd(21): signal "LM_memadd" is read inside the Process Statement but isn't in the Process Statement's sensitivity list File: /home/margav/Desktop/sem 4/cs232/project/TOP_ENTITY/mux_before_MEMA1.vhd Line: 21
Warning (12125): Using design file mux_before_pc.vhd, which is not specified as a design file for the current project, but contains definitions for 2 design units and 1 entities in project
    Info (12022): Found design unit 1: mux_before_pc-mux_before_pc_arc File: /home/margav/Desktop/sem 4/cs232/project/TOP_ENTITY/mux_before_pc.vhd Line: 13
    Info (12023): Found entity 1: mux_before_pc File: /home/margav/Desktop/sem 4/cs232/project/TOP_ENTITY/mux_before_pc.vhd Line: 5
Info (12128): Elaborating entity "mux_before_pc" for hierarchy "mux_before_pc:MUX_PC" File: /home/margav/Desktop/sem 4/cs232/project/TOP_ENTITY/Top_entity.vhd Line: 315
Warning (10492): VHDL Process Statement warning at mux_before_pc.vhd(18): signal "ALU_reg" is read inside the Process Statement but isn't in the Process Statement's sensitivity list File: /home/margav/Desktop/sem 4/cs232/project/TOP_ENTITY/mux_before_pc.vhd Line: 18
Warning (12125): Using design file mux_before_RFA1.vhd, which is not specified as a design file for the current project, but contains definitions for 2 design units and 1 entities in project
    Info (12022): Found design unit 1: mux_before_RFA1-mux_before_RFA1_arc File: /home/margav/Desktop/sem 4/cs232/project/TOP_ENTITY/mux_before_RFA1.vhd Line: 13
    Info (12023): Found entity 1: mux_before_RFA1 File: /home/margav/Desktop/sem 4/cs232/project/TOP_ENTITY/mux_before_RFA1.vhd Line: 5
Info (12128): Elaborating entity "mux_before_RFA1" for hierarchy "mux_before_RFA1:MUX_RFA1" File: /home/margav/Desktop/sem 4/cs232/project/TOP_ENTITY/Top_entity.vhd Line: 318
Warning (12125): Using design file mux_before_RFA2.vhd, which is not specified as a design file for the current project, but contains definitions for 2 design units and 1 entities in project
    Info (12022): Found design unit 1: mux_before_RFA2-mux_before_RFA2_arc File: /home/margav/Desktop/sem 4/cs232/project/TOP_ENTITY/mux_before_RFA2.vhd Line: 13
    Info (12023): Found entity 1: mux_before_RFA2 File: /home/margav/Desktop/sem 4/cs232/project/TOP_ENTITY/mux_before_RFA2.vhd Line: 5
Info (12128): Elaborating entity "mux_before_RFA2" for hierarchy "mux_before_RFA2:MUX_RFA2" File: /home/margav/Desktop/sem 4/cs232/project/TOP_ENTITY/Top_entity.vhd Line: 321
Warning (12125): Using design file mux_before_RFA3.vhd, which is not specified as a design file for the current project, but contains definitions for 2 design units and 1 entities in project
    Info (12022): Found design unit 1: mux_before_RFA3-mux_before_RFA3_arc File: /home/margav/Desktop/sem 4/cs232/project/TOP_ENTITY/mux_before_RFA3.vhd Line: 12
    Info (12023): Found entity 1: mux_before_RFA3 File: /home/margav/Desktop/sem 4/cs232/project/TOP_ENTITY/mux_before_RFA3.vhd Line: 5
Info (12128): Elaborating entity "mux_before_RFA3" for hierarchy "mux_before_RFA3:MUX_RFA3" File: /home/margav/Desktop/sem 4/cs232/project/TOP_ENTITY/Top_entity.vhd Line: 324
Info (12128): Elaborating entity "mux_before_RFD3" for hierarchy "mux_before_RFD3:MUX_RFD3" File: /home/margav/Desktop/sem 4/cs232/project/TOP_ENTITY/Top_entity.vhd Line: 327
Warning (10492): VHDL Process Statement warning at mux_before_RFD3 .vhd(20): signal "pc" is read inside the Process Statement but isn't in the Process Statement's sensitivity list File: /home/margav/Desktop/sem 4/cs232/project/TOP_ENTITY/mux_before_RFD3 .vhd Line: 20
Warning (12125): Using design file zero_Reg.vhd, which is not specified as a design file for the current project, but contains definitions for 2 design units and 1 entities in project
    Info (12022): Found design unit 1: zero_Reg-zero_Reg_arc File: /home/margav/Desktop/sem 4/cs232/project/TOP_ENTITY/zero_Reg.vhd Line: 11
    Info (12023): Found entity 1: zero_Reg File: /home/margav/Desktop/sem 4/cs232/project/TOP_ENTITY/zero_Reg.vhd Line: 5
Info (12128): Elaborating entity "zero_Reg" for hierarchy "zero_Reg:ZERO" File: /home/margav/Desktop/sem 4/cs232/project/TOP_ENTITY/Top_entity.vhd Line: 330
Warning (10631): VHDL Process Statement warning at zero_Reg.vhd(15): inferring latch(es) for signal or variable "result", which holds its previous value in one or more paths through the process File: /home/margav/Desktop/sem 4/cs232/project/TOP_ENTITY/zero_Reg.vhd Line: 15
Info (10041): Inferred latch for "result" at zero_Reg.vhd(15) File: /home/margav/Desktop/sem 4/cs232/project/TOP_ENTITY/zero_Reg.vhd Line: 15
Warning (12125): Using design file carry_Reg.vhd, which is not specified as a design file for the current project, but contains definitions for 2 design units and 1 entities in project
    Info (12022): Found design unit 1: carry_Reg-carry_Reg_arc File: /home/margav/Desktop/sem 4/cs232/project/TOP_ENTITY/carry_Reg.vhd Line: 11
    Info (12023): Found entity 1: carry_Reg File: /home/margav/Desktop/sem 4/cs232/project/TOP_ENTITY/carry_Reg.vhd Line: 5
Info (12128): Elaborating entity "carry_Reg" for hierarchy "carry_Reg:CARRY" File: /home/margav/Desktop/sem 4/cs232/project/TOP_ENTITY/Top_entity.vhd Line: 333
Warning (10631): VHDL Process Statement warning at carry_Reg.vhd(15): inferring latch(es) for signal or variable "result", which holds its previous value in one or more paths through the process File: /home/margav/Desktop/sem 4/cs232/project/TOP_ENTITY/carry_Reg.vhd Line: 15
Info (10041): Inferred latch for "result" at carry_Reg.vhd(15) File: /home/margav/Desktop/sem 4/cs232/project/TOP_ENTITY/carry_Reg.vhd Line: 15
Warning (12125): Using design file mux_before_zeroreg.vhd, which is not specified as a design file for the current project, but contains definitions for 2 design units and 1 entities in project
    Info (12022): Found design unit 1: mux_before_zeroreg-mux_before_zeroreg_arc File: /home/margav/Desktop/sem 4/cs232/project/TOP_ENTITY/mux_before_zeroreg.vhd Line: 13
    Info (12023): Found entity 1: mux_before_zeroreg File: /home/margav/Desktop/sem 4/cs232/project/TOP_ENTITY/mux_before_zeroreg.vhd Line: 5
Info (12128): Elaborating entity "mux_before_zeroreg" for hierarchy "mux_before_zeroreg:MUX_ZERO" File: /home/margav/Desktop/sem 4/cs232/project/TOP_ENTITY/Top_entity.vhd Line: 336
Warning (21074): Design contains 2 input pin(s) that do not drive logic
    Warning (15610): No output dependent on input pin "rst" File: /home/margav/Desktop/sem 4/cs232/project/TOP_ENTITY/Top_entity.vhd Line: 5
    Warning (15610): No output dependent on input pin "clk" File: /home/margav/Desktop/sem 4/cs232/project/TOP_ENTITY/Top_entity.vhd Line: 5
Info (21057): Implemented 2 device resources after synthesis - the final resource count might be different
    Info (21058): Implemented 2 input pins
    Info (21059): Implemented 0 output pins
Info: Quartus Prime Analysis & Synthesis was successful. 0 errors, 79 warnings
    Info: Peak virtual memory: 404 megabytes
    Info: Processing ended: Fri May  6 23:39:36 2022
    Info: Elapsed time: 00:00:09
    Info: Total CPU time (on all processors): 00:00:26


